Oct 25 02:34:27 kali systemd[1]: logrotate.service: Succeeded.
Oct 25 02:34:27 kali systemd[1]: Finished Rotate log files.
Oct 25 02:34:28 kali systemd[1]: man-db.service: Succeeded.
Oct 25 02:34:28 kali systemd[1]: Finished Daily man-db regeneration.
Oct 25 02:34:29 kali systemd[1]: Startup finished in 4.123s (kernel) + 29.624s (userspace) = 33.747s.
Oct 25 02:34:29 kali lightdm[701]: Error getting user list from org.freedesktop.Accounts: GDBus.Error:org.freedesktop.DBus.Error.ServiceUnknown: The name org.freedesktop.Accounts was not provided by any .service files
Oct 25 02:34:29 kali systemd[1]: Created slice User Slice of UID 131.
Oct 25 02:34:29 kali systemd[1]: Starting User Runtime Directory /run/user/131...
Oct 25 02:34:29 kali systemd[1]: Finished User Runtime Directory /run/user/131.
Oct 25 02:34:29 kali systemd[1]: Starting User Manager for UID 131...
Oct 25 02:34:29 kali systemd[710]: gpgconf: error running '/usr/lib/gnupg/scdaemon': probably not installed
Oct 25 02:34:30 kali systemd[705]: Reached target Paths.
Oct 25 02:34:30 kali systemd[705]: Reached target Timers.
Oct 25 02:34:30 kali systemd[705]: Starting D-Bus User Message Bus Socket.
Oct 25 02:34:30 kali systemd[705]: Listening on GnuPG network certificate management daemon.
Oct 25 02:34:30 kali systemd[705]: Listening on GnuPG cryptographic agent and passphrase cache (access for web browsers).
Oct 25 02:34:30 kali systemd[705]: Listening on GnuPG cryptographic agent and passphrase cache (restricted).
Oct 25 02:34:30 kali systemd[705]: Listening on GnuPG cryptographic agent (ssh-agent emulation).
Oct 25 02:34:30 kali systemd[705]: Listening on GnuPG cryptographic agent and passphrase cache.
Oct 25 02:34:30 kali systemd[705]: Listening on Sound System.
Oct 25 02:34:30 kali systemd[705]: Listening on D-Bus User Message Bus Socket.
Oct 25 02:34:30 kali systemd[705]: Reached target Sockets.
Oct 25 02:34:30 kali systemd[705]: Reached target Basic System.
Oct 25 02:34:30 kali systemd[1]: Started User Manager for UID 131.
Oct 25 02:34:30 kali systemd[1]: Started Session c1 of user lightdm.
Oct 25 02:34:30 kali systemd[705]: Starting Sound Service...
Oct 25 02:34:31 kali dbus-daemon[425]: [system] Activating via systemd: service name='org.freedesktop.RealtimeKit1' unit='rtkit-daemon.service' requested by ':1.14' (uid=131 pid=748 comm="/usr/bin/pulseaudio --daemonize=no ")
Oct 25 02:34:31 kali systemd[1]: Starting RealtimeKit Scheduling Policy Service...
Oct 25 02:34:31 kali dbus-daemon[425]: [system] Successfully activated service 'org.freedesktop.RealtimeKit1'
Oct 25 02:34:31 kali systemd[1]: Started RealtimeKit Scheduling Policy Service.
Oct 25 02:34:31 kali rtkit-daemon[751]: Successfully called chroot.
Oct 25 02:34:31 kali rtkit-daemon[751]: Successfully dropped privileges.
Oct 25 02:34:31 kali rtkit-daemon[751]: Successfully limited resources.
Oct 25 02:34:31 kali rtkit-daemon[751]: Running.
Oct 25 02:34:31 kali rtkit-daemon[751]: Canary thread running.
Oct 25 02:34:31 kali rtkit-daemon[751]: Watchdog thread running.
Oct 25 02:34:31 kali systemd[705]: Started D-Bus User Message Bus.
Oct 25 02:34:31 kali dbus-daemon[758]: [session uid=131 pid=758] Activating via systemd: service name='org.a11y.Bus' unit='at-spi-dbus-bus.service' requested by ':1.1' (uid=131 pid=749 comm="/usr/sbin/lightdm-gtk-greeter ")
Oct 25 02:34:31 kali systemd[705]: Starting Accessibility services bus...
Oct 25 02:34:31 kali rtkit-daemon[751]: Successfully made thread 748 of process 748 owned by '131' high priority at nice level -11.
Oct 25 02:34:31 kali rtkit-daemon[751]: Supervising 1 threads of 1 processes of 1 users.
Oct 25 02:34:31 kali dbus-daemon[758]: [session uid=131 pid=758] Successfully activated service 'org.a11y.Bus'
Oct 25 02:34:31 kali systemd[705]: Started Accessibility services bus.
Oct 25 02:34:32 kali dbus-daemon[758]: [session uid=131 pid=758] Activating via systemd: service name='org.gtk.vfs.Daemon' unit='gvfs-daemon.service' requested by ':1.3' (uid=131 pid=749 comm="/usr/sbin/lightdm-gtk-greeter ")
Oct 25 02:34:32 kali systemd[705]: Starting Virtual filesystem service...
Oct 25 02:34:32 kali dbus-daemon[758]: [session uid=131 pid=758] Successfully activated service 'org.gtk.vfs.Daemon'
Oct 25 02:34:32 kali systemd[705]: Started Virtual filesystem service.
Oct 25 02:34:32 kali kernel: [   37.287251] fuse: init (API version 7.31)
Oct 25 02:34:32 kali systemd[1]: Mounting FUSE Control File System...
Oct 25 02:34:32 kali systemd[1]: Mounted FUSE Control File System.
Oct 25 02:34:32 kali systemd[787]: Excess arguments.
Oct 25 02:34:34 kali pulseaudio[748]: N: [pulseaudio] alsa-util.c: Disabling timer-based scheduling because running inside a VM.
Oct 25 02:34:34 kali rtkit-daemon[751]: Supervising 1 threads of 1 processes of 1 users.
Oct 25 02:34:34 kali rtkit-daemon[751]: Successfully made thread 792 of process 748 owned by '131' RT at priority 5.
Oct 25 02:34:34 kali rtkit-daemon[751]: Supervising 2 threads of 1 processes of 1 users.
Oct 25 02:34:34 kali pulseaudio[748]: N: [pulseaudio] alsa-util.c: Disabling timer-based scheduling because running inside a VM.
Oct 25 02:34:34 kali rtkit-daemon[751]: Supervising 2 threads of 1 processes of 1 users.
Oct 25 02:34:34 kali rtkit-daemon[751]: Successfully made thread 793 of process 748 owned by '131' RT at priority 5.
Oct 25 02:34:34 kali rtkit-daemon[751]: Supervising 3 threads of 1 processes of 1 users.
Oct 25 02:34:34 kali dbus-daemon[425]: [system] Activating via systemd: service name='org.bluez' unit='dbus-org.bluez.service' requested by ':1.18' (uid=131 pid=748 comm="/usr/bin/pulseaudio --daemonize=no ")
Oct 25 02:34:34 kali dbus-daemon[425]: [system] Activation via systemd failed for unit 'dbus-org.bluez.service': Unit dbus-org.bluez.service not found.
Oct 25 02:34:35 kali pulseaudio[748]: E: [pulseaudio] bluez5-util.c: GetManagedObjects() failed: org.freedesktop.systemd1.NoSuchUnit: Unit dbus-org.bluez.service not found.
Oct 25 02:34:35 kali systemd[705]: Started Sound Service.
Oct 25 02:34:35 kali systemd[705]: Reached target Main User Target.
Oct 25 02:34:35 kali systemd[705]: Startup finished in 5.674s.
Oct 25 02:34:36 kali at-spi-bus-launcher[764]: dbus-daemon[764]: Activating service name='org.a11y.atspi.Registry' requested by ':1.0' (uid=131 pid=749 comm="/usr/sbin/lightdm-gtk-greeter ")
Oct 25 02:34:36 kali at-spi-bus-launcher[764]: dbus-daemon[764]: Successfully activated service 'org.a11y.atspi.Registry'
Oct 25 02:34:36 kali at-spi-bus-launcher[798]: SpiRegistry daemon is running with well-known name - org.a11y.atspi.Registry
Oct 25 02:34:40 kali systemd[1]: NetworkManager-dispatcher.service: Succeeded.
Oct 25 02:34:45 kali systemd[1]: systemd-hostnamed.service: Succeeded.
Oct 25 02:34:46 kali lightdm[801]: Error getting user list from org.freedesktop.Accounts: GDBus.Error:org.freedesktop.DBus.Error.ServiceUnknown: The name org.freedesktop.Accounts was not provided by any .service files
Oct 25 02:34:46 kali systemd[1]: Stopping Session c1 of user lightdm.
Oct 25 02:34:46 kali systemd[705]: pulseaudio.service: Succeeded.
Oct 25 02:34:46 kali systemd[1]: session-c1.scope: Succeeded.
Oct 25 02:34:46 kali systemd[1]: Stopped Session c1 of user lightdm.
Oct 25 02:34:46 kali systemd[1]: Created slice User Slice of UID 1000.
Oct 25 02:34:46 kali systemd[1]: Starting User Runtime Directory /run/user/1000...
Oct 25 02:34:46 kali systemd[1]: Finished User Runtime Directory /run/user/1000.
Oct 25 02:34:46 kali systemd[1]: Starting User Manager for UID 1000...
Oct 25 02:34:46 kali systemd[813]: gpgconf: error running '/usr/lib/gnupg/scdaemon': probably not installed
Oct 25 02:34:47 kali systemd[808]: Reached target Paths.
Oct 25 02:34:47 kali systemd[808]: Reached target Timers.
Oct 25 02:34:47 kali systemd[808]: Starting D-Bus User Message Bus Socket.
Oct 25 02:34:47 kali systemd[808]: Listening on GnuPG network certificate management daemon.
Oct 25 02:34:47 kali systemd[808]: Listening on GnuPG cryptographic agent and passphrase cache (access for web browsers).
Oct 25 02:34:47 kali systemd[808]: Listening on GnuPG cryptographic agent and passphrase cache (restricted).
Oct 25 02:34:47 kali systemd[808]: Listening on GnuPG cryptographic agent (ssh-agent emulation).
Oct 25 02:34:47 kali systemd[808]: Listening on GnuPG cryptographic agent and passphrase cache.
Oct 25 02:34:47 kali systemd[808]: Listening on Sound System.
Oct 25 02:34:47 kali systemd[808]: Listening on D-Bus User Message Bus Socket.
Oct 25 02:34:47 kali systemd[808]: Reached target Sockets.
Oct 25 02:34:47 kali systemd[808]: Reached target Basic System.
Oct 25 02:34:47 kali systemd[1]: Started User Manager for UID 1000.
Oct 25 02:34:47 kali systemd[1]: Started Session 2 of user kali.
Oct 25 02:34:47 kali systemd[808]: Starting Sound Service...
Oct 25 02:34:47 kali systemd[808]: Started D-Bus User Message Bus.
Oct 25 02:34:47 kali rtkit-daemon[751]: Successfully made thread 827 of process 827 owned by '1000' high priority at nice level -11.
Oct 25 02:34:47 kali rtkit-daemon[751]: Supervising 1 threads of 1 processes of 2 users.
Oct 25 02:34:47 kali pulseaudio[827]: N: [pulseaudio] alsa-util.c: Disabling timer-based scheduling because running inside a VM.
Oct 25 02:34:47 kali rtkit-daemon[751]: Supervising 1 threads of 1 processes of 2 users.
Oct 25 02:34:47 kali rtkit-daemon[751]: Successfully made thread 848 of process 827 owned by '1000' RT at priority 5.
Oct 25 02:34:47 kali rtkit-daemon[751]: Supervising 2 threads of 1 processes of 2 users.
Oct 25 02:34:47 kali pulseaudio[827]: N: [pulseaudio] alsa-util.c: Disabling timer-based scheduling because running inside a VM.
Oct 25 02:34:47 kali rtkit-daemon[751]: Supervising 2 threads of 1 processes of 2 users.
Oct 25 02:34:47 kali rtkit-daemon[751]: Successfully made thread 849 of process 827 owned by '1000' RT at priority 5.
Oct 25 02:34:47 kali rtkit-daemon[751]: Supervising 3 threads of 1 processes of 2 users.
Oct 25 02:34:47 kali dbus-daemon[425]: [system] Activating via systemd: service name='org.bluez' unit='dbus-org.bluez.service' requested by ':1.29' (uid=1000 pid=827 comm="/usr/bin/pulseaudio --daemonize=no ")
Oct 25 02:34:47 kali dbus-daemon[425]: [system] Activation via systemd failed for unit 'dbus-org.bluez.service': Unit dbus-org.bluez.service not found.
Oct 25 02:34:47 kali systemd[808]: Started Sound Service.
Oct 25 02:34:47 kali systemd[808]: Reached target Main User Target.
Oct 25 02:34:47 kali systemd[808]: Startup finished in 831ms.
Oct 25 02:34:47 kali pulseaudio[827]: E: [pulseaudio] bluez5-util.c: GetManagedObjects() failed: org.freedesktop.systemd1.NoSuchUnit: Unit dbus-org.bluez.service not found.
Oct 25 02:34:48 kali dbus-daemon[841]: [session uid=1000 pid=841] Activating via systemd: service name='org.a11y.Bus' unit='at-spi-dbus-bus.service' requested by ':1.6' (uid=1000 pid=833 comm="xfce4-session ")
Oct 25 02:34:48 kali systemd[808]: Starting Accessibility services bus...
Oct 25 02:34:48 kali dbus-daemon[841]: [session uid=1000 pid=841] Successfully activated service 'org.a11y.Bus'
Oct 25 02:34:48 kali systemd[808]: Started Accessibility services bus.
Oct 25 02:34:48 kali dbus-daemon[841]: [session uid=1000 pid=841] Activating service name='org.xfce.Xfconf' requested by ':1.8' (uid=1000 pid=833 comm="xfce4-session ")
Oct 25 02:34:48 kali dbus-daemon[841]: [session uid=1000 pid=841] Successfully activated service 'org.xfce.Xfconf'
Oct 25 02:34:48 kali at-spi-bus-launcher[916]: dbus-daemon[916]: Activating service name='org.a11y.atspi.Registry' requested by ':1.0' (uid=1000 pid=833 comm="xfce4-session ")
Oct 25 02:34:48 kali at-spi-bus-launcher[916]: dbus-daemon[916]: Successfully activated service 'org.a11y.atspi.Registry'
Oct 25 02:34:48 kali at-spi-bus-launcher[926]: SpiRegistry daemon is running with well-known name - org.a11y.atspi.Registry
Oct 25 02:34:48 kali systemd[808]: Started GnuPG cryptographic agent and passphrase cache.
Oct 25 02:34:48 kali gpg-agent[932]: gpg-agent (GnuPG) 2.2.20 starting in supervised mode.
Oct 25 02:34:48 kali gpg-agent[932]: using fd 3 for browser socket (/run/user/1000/gnupg/S.gpg-agent.browser)
Oct 25 02:34:48 kali gpg-agent[932]: using fd 4 for ssh socket (/run/user/1000/gnupg/S.gpg-agent.ssh)
Oct 25 02:34:48 kali gpg-agent[932]: using fd 5 for extra socket (/run/user/1000/gnupg/S.gpg-agent.extra)
Oct 25 02:34:48 kali gpg-agent[932]: using fd 6 for std socket (/run/user/1000/gnupg/S.gpg-agent)
Oct 25 02:34:48 kali gpg-agent[932]: listening on: std=6 extra=5 browser=3 ssh=4
Oct 25 02:34:48 kali dbus-daemon[841]: [session uid=1000 pid=841] Activating via systemd: service name='org.gtk.vfs.Daemon' unit='gvfs-daemon.service' requested by ':1.11' (uid=1000 pid=934 comm="xfwm4 --display :0.0 --sm-client-id 22fd584d1-9a36")
Oct 25 02:34:48 kali systemd[808]: Starting Virtual filesystem service...
Oct 25 02:34:49 kali dbus-daemon[841]: [session uid=1000 pid=841] Successfully activated service 'org.gtk.vfs.Daemon'
Oct 25 02:34:49 kali systemd[808]: Started Virtual filesystem service.
Oct 25 02:34:49 kali dbus-daemon[425]: [system] Activating via systemd: service name='org.freedesktop.UPower' unit='upower.service' requested by ':1.31' (uid=1000 pid=954 comm="xfsettingsd --display :0.0 --sm-client-id 2ccb174a")
Oct 25 02:34:49 kali systemd[1]: Starting Daemon for power management...
Oct 25 02:34:50 kali dbus-daemon[425]: [system] Successfully activated service 'org.freedesktop.UPower'
Oct 25 02:34:50 kali systemd[1]: Started Daemon for power management.
Oct 25 02:34:51 kali dbus-daemon[841]: [session uid=1000 pid=841] Activating service name='org.freedesktop.thumbnails.Thumbnailer1' requested by ':1.22' (uid=1000 pid=988 comm="xfdesktop --display :0.0 --sm-client-id 2bff7c2d4-")
Oct 25 02:34:51 kali systemd[1]: Starting Online ext4 Metadata Check for All Filesystems...
Oct 25 02:34:51 kali systemd[1]: e2scrub_all.service: Succeeded.
Oct 25 02:34:51 kali systemd[1]: Finished Online ext4 Metadata Check for All Filesystems.
Oct 25 02:34:51 kali NetworkManager[426]: <info>  [1666679691.9776] agent-manager: agent[5c465384537eddc3,:1.35/org.freedesktop.nm-applet/1000]: agent registered
Oct 25 02:34:52 kali dbus-daemon[425]: [system] Activating via systemd: service name='org.freedesktop.ColorManager' unit='colord.service' requested by ':1.36' (uid=1000 pid=1050 comm="xiccd ")
Oct 25 02:34:52 kali systemd[1]: Starting Manage, Install and Generate Color Profiles...
Oct 25 02:34:52 kali dbus-daemon[841]: [session uid=1000 pid=841] Activating via systemd: service name='org.freedesktop.Notifications' unit='xfce4-notifyd.service' requested by ':1.27' (uid=1000 pid=1005 comm="/usr/lib/x86_64-linux-gnu/xfce4/panel/wrapper-2.0 ")
Oct 25 02:34:52 kali systemd[808]: Starting XFCE notifications service...
Oct 25 02:34:52 kali dbus-daemon[841]: [session uid=1000 pid=841] Activating service name='ca.desrt.dconf' requested by ':1.37' (uid=1000 pid=1059 comm="light-locker ")
Oct 25 02:34:52 kali dbus-daemon[841]: [session uid=1000 pid=841] Successfully activated service 'ca.desrt.dconf'
Oct 25 02:34:52 kali dbus-daemon[841]: [session uid=1000 pid=841] Successfully activated service 'org.freedesktop.Notifications'
Oct 25 02:34:52 kali systemd[808]: Started XFCE notifications service.
Oct 25 02:34:52 kali colord[1063]: failed to get edid data: EDID length is too small
Oct 25 02:34:52 kali dbus-daemon[425]: [system] Successfully activated service 'org.freedesktop.ColorManager'
Oct 25 02:34:52 kali systemd[1]: Started Manage, Install and Generate Color Profiles.
Oct 25 02:34:53 kali org.freedesktop.thumbnails.Thumbnailer1[1023]: Registered thumbnailer /usr/bin/gdk-pixbuf-thumbnailer -s %s %u %o
Oct 25 02:34:53 kali org.freedesktop.thumbnails.Thumbnailer1[1023]: Registered thumbnailer atril-thumbnailer -s %s %u %o
Oct 25 02:34:53 kali org.freedesktop.thumbnails.Thumbnailer1[1023]: Registered thumbnailer /usr/bin/gdk-pixbuf-thumbnailer -s %s %u %o
Oct 25 02:34:53 kali dbus-daemon[841]: [session uid=1000 pid=841] Activating via systemd: service name='org.gtk.vfs.UDisks2VolumeMonitor' unit='gvfs-udisks2-volume-monitor.service' requested by ':1.31' (uid=1000 pid=1023 comm="/usr/lib/x86_64-linux-gnu/tumbler-1/tumblerd ")
Oct 25 02:34:53 kali systemd[808]: Starting Virtual filesystem service - disk device monitor...
Oct 25 02:34:53 kali dbus-daemon[425]: [system] Activating via systemd: service name='org.freedesktop.UDisks2' unit='udisks2.service' requested by ':1.41' (uid=1000 pid=1093 comm="/usr/libexec/gvfs-udisks2-volume-monitor ")
Oct 25 02:34:53 kali systemd[1]: Starting Disk Manager...
Oct 25 02:34:54 kali udisksd[1096]: udisks daemon version 2.9.0 starting
Oct 25 02:34:54 kali udisksd[1096]: failed to load module mdraid: libbd_mdraid.so.2: cannot open shared object file: No such file or directory
Oct 25 02:34:54 kali udisksd[1096]: Failed to load the 'mdraid' libblockdev plugin
Oct 25 02:34:55 kali dbus-daemon[425]: [system] Successfully activated service 'org.freedesktop.UDisks2'
Oct 25 02:34:55 kali systemd[1]: Started Disk Manager.
Oct 25 02:34:55 kali udisksd[1096]: Acquired the name org.freedesktop.UDisks2 on the system message bus
Oct 25 02:34:55 kali dbus-daemon[841]: [session uid=1000 pid=841] Successfully activated service 'org.gtk.vfs.UDisks2VolumeMonitor'
Oct 25 02:34:55 kali systemd[808]: Started Virtual filesystem service - disk device monitor.
Oct 25 02:34:55 kali dbus-daemon[841]: [session uid=1000 pid=841] Activating via systemd: service name='org.gtk.vfs.MTPVolumeMonitor' unit='gvfs-mtp-volume-monitor.service' requested by ':1.31' (uid=1000 pid=1023 comm="/usr/lib/x86_64-linux-gnu/tumbler-1/tumblerd ")
Oct 25 02:34:55 kali systemd[808]: Starting Virtual filesystem service - Media Transfer Protocol monitor...
Oct 25 02:34:55 kali dbus-daemon[841]: [session uid=1000 pid=841] Successfully activated service 'org.gtk.vfs.MTPVolumeMonitor'
Oct 25 02:34:55 kali systemd[808]: Started Virtual filesystem service - Media Transfer Protocol monitor.
Oct 25 02:34:55 kali dbus-daemon[841]: [session uid=1000 pid=841] Activating via systemd: service name='org.gtk.vfs.AfcVolumeMonitor' unit='gvfs-afc-volume-monitor.service' requested by ':1.31' (uid=1000 pid=1023 comm="/usr/lib/x86_64-linux-gnu/tumbler-1/tumblerd ")
Oct 25 02:34:55 kali systemd[808]: Starting Virtual filesystem service - Apple File Conduit monitor...
Oct 25 02:34:55 kali dbus-daemon[841]: [session uid=1000 pid=841] Successfully activated service 'org.gtk.vfs.AfcVolumeMonitor'
Oct 25 02:34:55 kali systemd[808]: Started Virtual filesystem service - Apple File Conduit monitor.
Oct 25 02:34:55 kali dbus-daemon[841]: [session uid=1000 pid=841] Activating via systemd: service name='org.gtk.vfs.GPhoto2VolumeMonitor' unit='gvfs-gphoto2-volume-monitor.service' requested by ':1.31' (uid=1000 pid=1023 comm="/usr/lib/x86_64-linux-gnu/tumbler-1/tumblerd ")
Oct 25 02:34:55 kali systemd[808]: Starting Virtual filesystem service - digital camera monitor...
Oct 25 02:34:56 kali dbus-daemon[841]: [session uid=1000 pid=841] Successfully activated service 'org.gtk.vfs.GPhoto2VolumeMonitor'
Oct 25 02:34:56 kali systemd[808]: Started Virtual filesystem service - digital camera monitor.
Oct 25 02:34:56 kali dbus-daemon[841]: [session uid=1000 pid=841] Activating via systemd: service name='org.gtk.vfs.GoaVolumeMonitor' unit='gvfs-goa-volume-monitor.service' requested by ':1.31' (uid=1000 pid=1023 comm="/usr/lib/x86_64-linux-gnu/tumbler-1/tumblerd ")
Oct 25 02:34:56 kali systemd[808]: Starting Virtual filesystem service - GNOME Online Accounts monitor...
Oct 25 02:34:56 kali dbus-daemon[841]: [session uid=1000 pid=841] Successfully activated service 'org.gtk.vfs.GoaVolumeMonitor'
Oct 25 02:34:56 kali systemd[808]: Started Virtual filesystem service - GNOME Online Accounts monitor.
Oct 25 02:34:56 kali dbus-daemon[841]: [session uid=1000 pid=841] Successfully activated service 'org.freedesktop.thumbnails.Thumbnailer1'
Oct 25 02:34:56 kali dbus-daemon[841]: [session uid=1000 pid=841] Activating via systemd: service name='org.gtk.vfs.Metadata' unit='gvfs-metadata.service' requested by ':1.22' (uid=1000 pid=988 comm="xfdesktop --display :0.0 --sm-client-id 2bff7c2d4-")
Oct 25 02:34:56 kali systemd[808]: Starting Virtual filesystem metadata service...
Oct 25 02:34:56 kali dbus-daemon[841]: [session uid=1000 pid=841] Successfully activated service 'org.gtk.vfs.Metadata'
Oct 25 02:34:56 kali systemd[808]: Started Virtual filesystem metadata service.
Oct 25 02:34:57 kali systemd[1]: Stopping User Manager for UID 131...
Oct 25 02:34:57 kali systemd[705]: Stopped target Main User Target.
Oct 25 02:34:57 kali systemd[705]: Stopping Accessibility services bus...
Oct 25 02:34:57 kali systemd[705]: Stopping D-Bus User Message Bus...
Oct 25 02:34:57 kali systemd[705]: Stopping Virtual filesystem service...
Oct 25 02:34:57 kali systemd[705]: dbus.service: Succeeded.
Oct 25 02:34:57 kali systemd[705]: Stopped D-Bus User Message Bus.
Oct 25 02:34:57 kali systemd[705]: at-spi-dbus-bus.service: Succeeded.
Oct 25 02:34:57 kali systemd[705]: Stopped Accessibility services bus.
Oct 25 02:34:57 kali systemd[808]: run-user-131-gvfs.mount: Succeeded.
Oct 25 02:34:57 kali systemd[1]: run-user-131-gvfs.mount: Succeeded.
Oct 25 02:34:57 kali systemd[705]: run-user-131-gvfs.mount: Succeeded.
Oct 25 02:34:57 kali systemd[705]: gvfs-daemon.service: Succeeded.
Oct 25 02:34:57 kali systemd[705]: Stopped Virtual filesystem service.
Oct 25 02:34:57 kali systemd[705]: Stopped target Basic System.
Oct 25 02:34:57 kali systemd[705]: Stopped target Paths.
Oct 25 02:34:57 kali systemd[705]: Stopped target Sockets.
Oct 25 02:34:57 kali systemd[705]: Stopped target Timers.
Oct 25 02:34:57 kali systemd[705]: dbus.socket: Succeeded.
Oct 25 02:34:57 kali systemd[705]: Closed D-Bus User Message Bus Socket.
Oct 25 02:34:57 kali systemd[705]: dirmngr.socket: Succeeded.
Oct 25 02:34:57 kali systemd[705]: Closed GnuPG network certificate management daemon.
Oct 25 02:34:57 kali systemd[705]: gpg-agent-browser.socket: Succeeded.
Oct 25 02:34:57 kali systemd[705]: Closed GnuPG cryptographic agent and passphrase cache (access for web browsers).
Oct 25 02:34:57 kali systemd[705]: gpg-agent-extra.socket: Succeeded.
Oct 25 02:34:57 kali systemd[705]: Closed GnuPG cryptographic agent and passphrase cache (restricted).
Oct 25 02:34:57 kali systemd[705]: gpg-agent-ssh.socket: Succeeded.
Oct 25 02:34:57 kali systemd[705]: Closed GnuPG cryptographic agent (ssh-agent emulation).
Oct 25 02:34:57 kali systemd[705]: gpg-agent.socket: Succeeded.
Oct 25 02:34:57 kali systemd[705]: Closed GnuPG cryptographic agent and passphrase cache.
Oct 25 02:34:57 kali systemd[705]: pulseaudio.socket: Succeeded.
Oct 25 02:34:57 kali systemd[705]: Closed Sound System.
Oct 25 02:34:57 kali systemd[705]: Reached target Shutdown.
Oct 25 02:34:57 kali systemd[705]: systemd-exit.service: Succeeded.
Oct 25 02:34:57 kali systemd[705]: Finished Exit the Session.
Oct 25 02:34:57 kali systemd[705]: Reached target Exit the Session.
Oct 25 02:34:57 kali systemd[1]: user@131.service: Succeeded.
Oct 25 02:34:57 kali systemd[1]: Stopped User Manager for UID 131.
Oct 25 02:34:57 kali systemd[1]: Stopping User Runtime Directory /run/user/131...
Oct 25 02:34:57 kali systemd[808]: run-user-131.mount: Succeeded.
Oct 25 02:34:57 kali systemd[1]: run-user-131.mount: Succeeded.
Oct 25 02:34:57 kali systemd[1]: user-runtime-dir@131.service: Succeeded.
Oct 25 02:34:57 kali systemd[1]: Stopped User Runtime Directory /run/user/131.
Oct 25 02:34:57 kali systemd[1]: Removed slice User Slice of UID 131.
Oct 25 02:34:57 kali dbus-daemon[425]: [system] Activating via systemd: service name='org.blueman.Mechanism' unit='blueman-mechanism.service' requested by ':1.45' (uid=1000 pid=1069 comm="/usr/bin/python3 /usr/bin/blueman-applet ")
Oct 25 02:34:57 kali systemd[1]: Starting Bluetooth management mechanism...
Oct 25 02:34:57 kali blueman-mechanism[1161]: Unable to init server: Could not connect: Connection refused
Oct 25 02:34:57 kali blueman-mechanism[1161]: Unable to init server: Could not connect: Connection refused
Oct 25 02:34:57 kali blueman-mechani[1161]: gtk_icon_theme_get_for_screen: assertion 'GDK_IS_SCREEN (screen)' failed
Oct 25 02:34:57 kali dbus-daemon[425]: [system] Successfully activated service 'org.blueman.Mechanism'
Oct 25 02:34:57 kali systemd[1]: Started Bluetooth management mechanism.
Oct 25 02:34:57 kali dbus-daemon[841]: [session uid=1000 pid=841] Activating via systemd: service name='org.bluez.obex' unit='obex.service' requested by ':1.50' (uid=1000 pid=1069 comm="/usr/bin/python3 /usr/bin/blueman-applet ")
Oct 25 02:34:57 kali dbus-daemon[425]: [system] Activating via systemd: service name='org.bluez' unit='dbus-org.bluez.service' requested by ':1.45' (uid=1000 pid=1069 comm="/usr/bin/python3 /usr/bin/blueman-applet ")
Oct 25 02:34:57 kali dbus-daemon[425]: [system] Activation via systemd failed for unit 'dbus-org.bluez.service': Unit dbus-org.bluez.service not found.
Oct 25 02:34:57 kali systemd[808]: Starting Bluetooth OBEX service...
Oct 25 02:34:57 kali obexd[1170]: OBEX daemon 5.50
Oct 25 02:34:57 kali dbus-daemon[841]: [session uid=1000 pid=841] Successfully activated service 'org.bluez.obex'
Oct 25 02:34:57 kali systemd[808]: Started Bluetooth OBEX service.
Oct 25 02:34:58 kali dbus-daemon[425]: [system] Activating via systemd: service name='org.freedesktop.Avahi' unit='dbus-org.freedesktop.Avahi.service' requested by ':1.48' (uid=129 pid=1100 comm="/usr/libexec/colord-sane ")
Oct 25 02:34:58 kali dbus-daemon[425]: [system] Activation via systemd failed for unit 'dbus-org.freedesktop.Avahi.service': Unit dbus-org.freedesktop.Avahi.service not found.
Oct 25 02:35:00 kali dbus-daemon[425]: [system] Activating via systemd: service name='org.freedesktop.Avahi' unit='dbus-org.freedesktop.Avahi.service' requested by ':1.49' (uid=129 pid=1100 comm="/usr/libexec/colord-sane ")
Oct 25 02:35:00 kali dbus-daemon[425]: [system] Activation via systemd failed for unit 'dbus-org.freedesktop.Avahi.service': Unit dbus-org.freedesktop.Avahi.service not found.
Oct 25 02:35:01 kali CRON[1177]: (root) CMD (command -v debian-sa1 > /dev/null && debian-sa1 1 1)
Oct 25 02:35:27 kali systemd[1]: blueman-mechanism.service: Succeeded.
Oct 25 02:39:01 kali CRON[1258]: (root) CMD (  [ -x /usr/lib/php/sessionclean ] && if [ ! -d /run/systemd/system ]; then /usr/lib/php/sessionclean; fi)
Oct 25 02:39:01 kali systemd[1]: Starting Clean php session files...
Oct 25 02:39:01 kali systemd[1]: phpsessionclean.service: Succeeded.
Oct 25 02:39:01 kali systemd[1]: Finished Clean php session files.
Oct 25 02:44:27 kali rsyslogd: [origin software="rsyslogd" swVersion="8.2006.0" x-pid="431" x-info="https://www.rsyslog.com"] rsyslogd was HUPed
Oct 25 02:45:01 kali CRON[1312]: (root) CMD (command -v debian-sa1 > /dev/null && debian-sa1 1 1)
Oct 25 02:48:18 kali lightdm[1330]: Error getting user list from org.freedesktop.Accounts: GDBus.Error:org.freedesktop.DBus.Error.ServiceUnknown: The name org.freedesktop.Accounts was not provided by any .service files
Oct 25 02:48:18 kali systemd[1]: Created slice User Slice of UID 131.
Oct 25 02:48:18 kali systemd[1]: Starting User Runtime Directory /run/user/131...
Oct 25 02:48:18 kali systemd[1]: Finished User Runtime Directory /run/user/131.
Oct 25 02:48:18 kali systemd[1]: Starting User Manager for UID 131...
Oct 25 02:48:18 kali systemd[1340]: gpgconf: error running '/usr/lib/gnupg/scdaemon': probably not installed
Oct 25 02:48:18 kali systemd[1334]: Reached target Paths.
Oct 25 02:48:18 kali systemd[1334]: Reached target Timers.
Oct 25 02:48:18 kali systemd[1334]: Starting D-Bus User Message Bus Socket.
Oct 25 02:48:18 kali systemd[1334]: Listening on GnuPG network certificate management daemon.
Oct 25 02:48:18 kali systemd[1334]: Listening on GnuPG cryptographic agent and passphrase cache (access for web browsers).
Oct 25 02:48:18 kali systemd[1334]: Listening on GnuPG cryptographic agent and passphrase cache (restricted).
Oct 25 02:48:18 kali systemd[1334]: Listening on GnuPG cryptographic agent (ssh-agent emulation).
Oct 25 02:48:18 kali systemd[1334]: Listening on GnuPG cryptographic agent and passphrase cache.
Oct 25 02:48:18 kali systemd[1334]: Listening on Sound System.
Oct 25 02:48:18 kali systemd[1334]: Listening on D-Bus User Message Bus Socket.
Oct 25 02:48:18 kali systemd[1334]: Reached target Sockets.
Oct 25 02:48:18 kali systemd[1334]: Reached target Basic System.
Oct 25 02:48:18 kali systemd[1]: Started User Manager for UID 131.
Oct 25 02:48:18 kali systemd[1334]: Starting Sound Service...
Oct 25 02:48:18 kali systemd[1]: Started Session c2 of user lightdm.
Oct 25 02:48:18 kali systemd[1334]: Started D-Bus User Message Bus.
Oct 25 02:48:18 kali dbus-daemon[1362]: [session uid=131 pid=1362] Activating via systemd: service name='org.a11y.Bus' unit='at-spi-dbus-bus.service' requested by ':1.0' (uid=131 pid=1356 comm="/usr/sbin/lightdm-gtk-greeter ")
Oct 25 02:48:18 kali systemd[1334]: Starting Accessibility services bus...
Oct 25 02:48:18 kali dbus-daemon[1362]: [session uid=131 pid=1362] Successfully activated service 'org.a11y.Bus'
Oct 25 02:48:18 kali systemd[1334]: Started Accessibility services bus.
Oct 25 02:48:18 kali dbus-daemon[1362]: [session uid=131 pid=1362] Activating via systemd: service name='org.gtk.vfs.Daemon' unit='gvfs-daemon.service' requested by ':1.3' (uid=131 pid=1356 comm="/usr/sbin/lightdm-gtk-greeter ")
Oct 25 02:48:18 kali systemd[1334]: Starting Virtual filesystem service...
Oct 25 02:48:18 kali dbus-daemon[1362]: [session uid=131 pid=1362] Successfully activated service 'org.gtk.vfs.Daemon'
Oct 25 02:48:18 kali systemd[1334]: Started Virtual filesystem service.
Oct 25 02:48:18 kali rtkit-daemon[751]: Successfully made thread 1355 of process 1355 owned by '131' high priority at nice level -11.
Oct 25 02:48:18 kali rtkit-daemon[751]: Supervising 4 threads of 2 processes of 2 users.
Oct 25 02:48:18 kali pulseaudio[1355]: N: [pulseaudio] alsa-util.c: Disabling timer-based scheduling because running inside a VM.
Oct 25 02:48:18 kali rtkit-daemon[751]: Supervising 4 threads of 2 processes of 2 users.
Oct 25 02:48:18 kali rtkit-daemon[751]: Successfully made thread 1383 of process 1355 owned by '131' RT at priority 5.
Oct 25 02:48:18 kali rtkit-daemon[751]: Supervising 5 threads of 2 processes of 2 users.
Oct 25 02:48:18 kali pulseaudio[1355]: N: [pulseaudio] alsa-util.c: Disabling timer-based scheduling because running inside a VM.
Oct 25 02:48:18 kali rtkit-daemon[751]: Supervising 5 threads of 2 processes of 2 users.
Oct 25 02:48:18 kali rtkit-daemon[751]: Successfully made thread 1384 of process 1355 owned by '131' RT at priority 5.
Oct 25 02:48:18 kali rtkit-daemon[751]: Supervising 6 threads of 2 processes of 2 users.
Oct 25 02:48:18 kali dbus-daemon[425]: [system] Activating via systemd: service name='org.bluez' unit='dbus-org.bluez.service' requested by ':1.58' (uid=131 pid=1355 comm="/usr/bin/pulseaudio --daemonize=no ")
Oct 25 02:48:18 kali dbus-daemon[425]: [system] Activation via systemd failed for unit 'dbus-org.bluez.service': Unit dbus-org.bluez.service not found.
Oct 25 02:48:18 kali systemd[1334]: Started Sound Service.
Oct 25 02:48:18 kali systemd[1334]: Reached target Main User Target.
Oct 25 02:48:18 kali systemd[1334]: Startup finished in 660ms.
Oct 25 02:48:18 kali pulseaudio[1355]: E: [pulseaudio] bluez5-util.c: GetManagedObjects() failed: org.freedesktop.systemd1.NoSuchUnit: Unit dbus-org.bluez.service not found.
Oct 25 02:48:18 kali systemd[1388]: Excess arguments.
Oct 25 02:48:18 kali at-spi-bus-launcher[1369]: dbus-daemon[1369]: Activating service name='org.a11y.atspi.Registry' requested by ':1.0' (uid=131 pid=1356 comm="/usr/sbin/lightdm-gtk-greeter ")
Oct 25 02:48:18 kali at-spi-bus-launcher[1369]: dbus-daemon[1369]: Successfully activated service 'org.a11y.atspi.Registry'
Oct 25 02:48:18 kali at-spi-bus-launcher[1397]: SpiRegistry daemon is running with well-known name - org.a11y.atspi.Registry
Oct 25 02:48:21 kali pulseaudio[1355]: E: [alsa-source-Intel ICH] alsa-source.c: ALSA woke us up to read new data from the device, but there was actually nothing to read.
Oct 25 02:48:21 kali pulseaudio[1355]: E: [alsa-source-Intel ICH] alsa-source.c: Most likely this is a bug in the ALSA driver 'snd_intel8x0'. Please report this issue to the ALSA developers.
Oct 25 02:48:21 kali pulseaudio[1355]: E: [alsa-source-Intel ICH] alsa-source.c: We were woken up with POLLIN set -- however a subsequent snd_pcm_avail() returned 0 or another value < min_avail.
Oct 25 02:49:21 kali systemd[1]: Starting Cleanup of Temporary Directories...
Oct 25 02:49:21 kali systemd-tmpfiles[1403]: /usr/lib/tmpfiles.d/iodined.conf:1: Line references path below legacy directory /var/run/, updating /var/run/iodine â†’ /run/iodine; please update the tmpfiles.d/ drop-in file accordingly.
Oct 25 02:49:21 kali systemd[1]: systemd-tmpfiles-clean.service: Succeeded.
Oct 25 02:49:21 kali systemd[1]: Finished Cleanup of Temporary Directories.
Oct 25 02:50:58 kali NetworkManager[426]: <info>  [1666680658.1949] dhcp4 (eth0): option dhcp_lease_time      => '2000'
Oct 25 02:50:58 kali NetworkManager[426]: <info>  [1666680658.1951] dhcp4 (eth0): option domain_name_servers  => '8.8.8.8'
Oct 25 02:50:58 kali dbus-daemon[425]: [system] Activating via systemd: service name='org.freedesktop.nm_dispatcher' unit='dbus-org.freedesktop.nm-dispatcher.service' requested by ':1.4' (uid=0 pid=426 comm="/usr/sbin/NetworkManager --no-daemon ")
Oct 25 02:50:58 kali NetworkManager[426]: <info>  [1666680658.1952] dhcp4 (eth0): option expiry               => '1666682657'
Oct 25 02:50:58 kali NetworkManager[426]: <info>  [1666680658.1952] dhcp4 (eth0): option ip_address           => '172.1.4.9'
Oct 25 02:50:58 kali NetworkManager[426]: <info>  [1666680658.1952] dhcp4 (eth0): option private_224          => '46:47:31:30:30:46:54:4b:32:30:30:31:33:37:34:36:00'
Oct 25 02:50:58 kali NetworkManager[426]: <info>  [1666680658.1953] dhcp4 (eth0): option requested_broadcast_address => '1'
Oct 25 02:50:58 kali NetworkManager[426]: <info>  [1666680658.1953] dhcp4 (eth0): option requested_domain_name => '1'
Oct 25 02:50:58 kali NetworkManager[426]: <info>  [1666680658.1953] dhcp4 (eth0): option requested_domain_name_servers => '1'
Oct 25 02:50:58 kali NetworkManager[426]: <info>  [1666680658.1954] dhcp4 (eth0): option requested_domain_search => '1'
Oct 25 02:50:58 kali NetworkManager[426]: <info>  [1666680658.1955] dhcp4 (eth0): option requested_host_name  => '1'
Oct 25 02:50:58 kali NetworkManager[426]: <info>  [1666680658.1956] dhcp4 (eth0): option requested_interface_mtu => '1'
Oct 25 02:50:58 kali NetworkManager[426]: <info>  [1666680658.1956] dhcp4 (eth0): option requested_ms_classless_static_routes => '1'
Oct 25 02:50:58 kali NetworkManager[426]: <info>  [1666680658.1956] dhcp4 (eth0): option requested_nis_domain => '1'
Oct 25 02:50:58 kali NetworkManager[426]: <info>  [1666680658.1957] dhcp4 (eth0): option requested_nis_servers => '1'
Oct 25 02:50:58 kali NetworkManager[426]: <info>  [1666680658.1958] dhcp4 (eth0): option requested_ntp_servers => '1'
Oct 25 02:50:58 kali NetworkManager[426]: <info>  [1666680658.1958] dhcp4 (eth0): option requested_rfc3442_classless_static_routes => '1'
Oct 25 02:50:58 kali NetworkManager[426]: <info>  [1666680658.1961] dhcp4 (eth0): option requested_root_path  => '1'
Oct 25 02:50:58 kali NetworkManager[426]: <info>  [1666680658.1962] dhcp4 (eth0): option requested_routers    => '1'
Oct 25 02:50:58 kali NetworkManager[426]: <info>  [1666680658.1962] dhcp4 (eth0): option requested_static_routes => '1'
Oct 25 02:50:58 kali NetworkManager[426]: <info>  [1666680658.1962] dhcp4 (eth0): option requested_subnet_mask => '1'
Oct 25 02:50:58 kali NetworkManager[426]: <info>  [1666680658.1963] dhcp4 (eth0): option requested_time_offset => '1'
Oct 25 02:50:58 kali NetworkManager[426]: <info>  [1666680658.1963] dhcp4 (eth0): option requested_wpad       => '1'
Oct 25 02:50:58 kali NetworkManager[426]: <info>  [1666680658.1964] dhcp4 (eth0): option routers              => '172.1.0.1'
Oct 25 02:50:58 kali NetworkManager[426]: <info>  [1666680658.1965] dhcp4 (eth0): option subnet_mask          => '255.255.0.0'
Oct 25 02:50:58 kali NetworkManager[426]: <info>  [1666680658.1965] dhcp4 (eth0): state changed bound -> extended
Oct 25 02:50:58 kali systemd[1]: Starting Network Manager Script Dispatcher Service...
Oct 25 02:50:58 kali dbus-daemon[425]: [system] Successfully activated service 'org.freedesktop.nm_dispatcher'
Oct 25 02:50:58 kali systemd[1]: Started Network Manager Script Dispatcher Service.
Oct 25 02:51:08 kali systemd[1]: NetworkManager-dispatcher.service: Succeeded.
Oct 25 02:55:01 kali CRON[1413]: (root) CMD (command -v debian-sa1 > /dev/null && debian-sa1 1 1)
Oct 25 03:05:02 kali CRON[1421]: (root) CMD (command -v debian-sa1 > /dev/null && debian-sa1 1 1)
Oct 25 03:07:37 kali NetworkManager[426]: <info>  [1666681657.9319] dhcp4 (eth0): option dhcp_lease_time      => '2000'
Oct 25 03:07:37 kali NetworkManager[426]: <info>  [1666681657.9320] dhcp4 (eth0): option domain_name_servers  => '8.8.8.8'
Oct 25 03:07:37 kali NetworkManager[426]: <info>  [1666681657.9321] dhcp4 (eth0): option expiry               => '1666683657'
Oct 25 03:07:37 kali NetworkManager[426]: <info>  [1666681657.9321] dhcp4 (eth0): option ip_address           => '172.1.4.9'
Oct 25 03:07:37 kali NetworkManager[426]: <info>  [1666681657.9321] dhcp4 (eth0): option private_224          => '46:47:31:30:30:46:54:4b:32:30:30:31:33:37:34:36:00'
Oct 25 03:07:37 kali NetworkManager[426]: <info>  [1666681657.9322] dhcp4 (eth0): option requested_broadcast_address => '1'
Oct 25 03:07:37 kali NetworkManager[426]: <info>  [1666681657.9322] dhcp4 (eth0): option requested_domain_name => '1'
Oct 25 03:07:37 kali NetworkManager[426]: <info>  [1666681657.9324] dhcp4 (eth0): option requested_domain_name_servers => '1'
Oct 25 03:07:37 kali dbus-daemon[425]: [system] Activating via systemd: service name='org.freedesktop.nm_dispatcher' unit='dbus-org.freedesktop.nm-dispatcher.service' requested by ':1.4' (uid=0 pid=426 comm="/usr/sbin/NetworkManager --no-daemon ")
Oct 25 03:07:37 kali NetworkManager[426]: <info>  [1666681657.9324] dhcp4 (eth0): option requested_domain_search => '1'
Oct 25 03:07:37 kali NetworkManager[426]: <info>  [1666681657.9325] dhcp4 (eth0): option requested_host_name  => '1'
Oct 25 03:07:37 kali NetworkManager[426]: <info>  [1666681657.9325] dhcp4 (eth0): option requested_interface_mtu => '1'
Oct 25 03:07:37 kali NetworkManager[426]: <info>  [1666681657.9325] dhcp4 (eth0): option requested_ms_classless_static_routes => '1'
Oct 25 03:07:37 kali NetworkManager[426]: <info>  [1666681657.9326] dhcp4 (eth0): option requested_nis_domain => '1'
Oct 25 03:07:37 kali NetworkManager[426]: <info>  [1666681657.9326] dhcp4 (eth0): option requested_nis_servers => '1'
Oct 25 03:07:37 kali NetworkManager[426]: <info>  [1666681657.9328] dhcp4 (eth0): option requested_ntp_servers => '1'
Oct 25 03:07:37 kali NetworkManager[426]: <info>  [1666681657.9328] dhcp4 (eth0): option requested_rfc3442_classless_static_routes => '1'
Oct 25 03:07:37 kali NetworkManager[426]: <info>  [1666681657.9329] dhcp4 (eth0): option requested_root_path  => '1'
Oct 25 03:07:37 kali NetworkManager[426]: <info>  [1666681657.9329] dhcp4 (eth0): option requested_routers    => '1'
Oct 25 03:07:37 kali NetworkManager[426]: <info>  [1666681657.9329] dhcp4 (eth0): option requested_static_routes => '1'
Oct 25 03:07:37 kali NetworkManager[426]: <info>  [1666681657.9330] dhcp4 (eth0): option requested_subnet_mask => '1'
Oct 25 03:07:37 kali NetworkManager[426]: <info>  [1666681657.9330] dhcp4 (eth0): option requested_time_offset => '1'
Oct 25 03:07:37 kali NetworkManager[426]: <info>  [1666681657.9330] dhcp4 (eth0): option requested_wpad       => '1'
Oct 25 03:07:37 kali NetworkManager[426]: <info>  [1666681657.9331] dhcp4 (eth0): option routers              => '172.1.0.1'
Oct 25 03:07:37 kali NetworkManager[426]: <info>  [1666681657.9331] dhcp4 (eth0): option subnet_mask          => '255.255.0.0'
Oct 25 03:07:37 kali NetworkManager[426]: <info>  [1666681657.9331] dhcp4 (eth0): state changed extended -> extended
Oct 25 03:07:37 kali systemd[1]: Starting Network Manager Script Dispatcher Service...
Oct 25 03:07:37 kali dbus-daemon[425]: [system] Successfully activated service 'org.freedesktop.nm_dispatcher'
Oct 25 03:07:37 kali systemd[1]: Started Network Manager Script Dispatcher Service.
Oct 25 03:07:48 kali systemd[1]: NetworkManager-dispatcher.service: Succeeded.
Oct 25 03:09:02 kali CRON[1431]: (root) CMD (  [ -x /usr/lib/php/sessionclean ] && if [ ! -d /run/systemd/system ]; then /usr/lib/php/sessionclean; fi)
Oct 25 03:09:02 kali systemd[1]: Starting Clean php session files...
Oct 25 03:09:02 kali systemd[1]: phpsessionclean.service: Succeeded.
Oct 25 03:09:02 kali systemd[1]: Finished Clean php session files.
Oct 25 03:10:01 kali CRON[1482]: (root) CMD (test -e /run/systemd/system || SERVICE_MODE=1 /sbin/e2scrub_all -A -r)
Oct 25 03:15:01 kali CRON[1488]: (root) CMD (command -v debian-sa1 > /dev/null && debian-sa1 1 1)
Oct 25 03:16:19 kali lightdm[1401]: Error getting user list from org.freedesktop.Accounts: GDBus.Error:org.freedesktop.DBus.Error.ServiceUnknown: The name org.freedesktop.Accounts was not provided by any .service files
Oct 25 03:16:19 kali systemd[1]: Stopping Session c2 of user lightdm.
Oct 25 03:16:19 kali systemd[1]: session-c2.scope: Succeeded.
Oct 25 03:16:19 kali systemd[1]: Stopped Session c2 of user lightdm.
Oct 25 03:16:19 kali systemd[1334]: pulseaudio.service: Succeeded.
Oct 25 03:16:29 kali systemd[1]: Stopping User Manager for UID 131...
Oct 25 03:16:29 kali systemd[1334]: Stopped target Main User Target.
Oct 25 03:16:29 kali systemd[1334]: Stopping Accessibility services bus...
Oct 25 03:16:29 kali systemd[1334]: Stopping D-Bus User Message Bus...
Oct 25 03:16:29 kali systemd[1334]: Stopping Virtual filesystem service...
Oct 25 03:16:29 kali systemd[1334]: dbus.service: Succeeded.
Oct 25 03:16:29 kali systemd[1334]: Stopped D-Bus User Message Bus.
Oct 25 03:16:29 kali systemd[1334]: at-spi-dbus-bus.service: Succeeded.
Oct 25 03:16:29 kali systemd[1334]: Stopped Accessibility services bus.
Oct 25 03:16:29 kali systemd[808]: run-user-131-gvfs.mount: Succeeded.
Oct 25 03:16:29 kali systemd[1]: run-user-131-gvfs.mount: Succeeded.
Oct 25 03:16:29 kali systemd[1334]: run-user-131-gvfs.mount: Succeeded.
Oct 25 03:16:29 kali systemd[1334]: gvfs-daemon.service: Succeeded.
Oct 25 03:16:29 kali systemd[1334]: Stopped Virtual filesystem service.
Oct 25 03:16:29 kali systemd[1334]: Stopped target Basic System.
Oct 25 03:16:29 kali systemd[1334]: Stopped target Paths.
Oct 25 03:16:29 kali systemd[1334]: Stopped target Sockets.
Oct 25 03:16:29 kali systemd[1334]: Stopped target Timers.
Oct 25 03:16:29 kali systemd[1334]: dbus.socket: Succeeded.
Oct 25 03:16:29 kali systemd[1334]: Closed D-Bus User Message Bus Socket.
Oct 25 03:16:29 kali systemd[1334]: dirmngr.socket: Succeeded.
Oct 25 03:16:29 kali systemd[1334]: Closed GnuPG network certificate management daemon.
Oct 25 03:16:29 kali systemd[1334]: gpg-agent-browser.socket: Succeeded.
Oct 25 03:16:29 kali systemd[1334]: Closed GnuPG cryptographic agent and passphrase cache (access for web browsers).
Oct 25 03:16:29 kali systemd[1334]: gpg-agent-extra.socket: Succeeded.
Oct 25 03:16:29 kali systemd[1334]: Closed GnuPG cryptographic agent and passphrase cache (restricted).
Oct 25 03:16:29 kali systemd[1334]: gpg-agent-ssh.socket: Succeeded.
Oct 25 03:16:29 kali systemd[1334]: Closed GnuPG cryptographic agent (ssh-agent emulation).
Oct 25 03:16:29 kali systemd[1334]: gpg-agent.socket: Succeeded.
Oct 25 03:16:29 kali systemd[1334]: Closed GnuPG cryptographic agent and passphrase cache.
Oct 25 03:16:29 kali systemd[1334]: pulseaudio.socket: Succeeded.
Oct 25 03:16:29 kali systemd[1334]: Closed Sound System.
Oct 25 03:16:29 kali systemd[1334]: Reached target Shutdown.
Oct 25 03:16:29 kali systemd[1334]: systemd-exit.service: Succeeded.
Oct 25 03:16:29 kali systemd[1334]: Finished Exit the Session.
Oct 25 03:16:29 kali systemd[1334]: Reached target Exit the Session.
Oct 25 03:16:29 kali systemd[1]: user@131.service: Succeeded.
Oct 25 03:16:29 kali systemd[1]: Stopped User Manager for UID 131.
Oct 25 03:16:29 kali systemd[1]: Stopping User Runtime Directory /run/user/131...
Oct 25 03:16:29 kali systemd[808]: run-user-131.mount: Succeeded.
Oct 25 03:16:29 kali systemd[1]: run-user-131.mount: Succeeded.
Oct 25 03:16:29 kali systemd[1]: user-runtime-dir@131.service: Succeeded.
Oct 25 03:16:29 kali systemd[1]: Stopped User Runtime Directory /run/user/131.
Oct 25 03:16:29 kali systemd[1]: Removed slice User Slice of UID 131.
Oct 25 03:17:01 kali CRON[1503]: (root) CMD (   cd / && run-parts --report /etc/cron.hourly)
Oct 25 03:17:36 kali systemd[1]: Starting Daily apt upgrade and clean activities...
Oct 25 03:17:37 kali systemd[1]: apt-daily-upgrade.service: Succeeded.
Oct 25 03:17:37 kali systemd[1]: Finished Daily apt upgrade and clean activities.
Oct 25 03:24:17 kali NetworkManager[426]: <info>  [1666682657.9509] dhcp4 (eth0): option dhcp_lease_time      => '2000'
Oct 25 03:24:17 kali NetworkManager[426]: <info>  [1666682657.9526] dhcp4 (eth0): option domain_name_servers  => '8.8.8.8'
Oct 25 03:24:17 kali NetworkManager[426]: <info>  [1666682657.9527] dhcp4 (eth0): option expiry               => '1666684657'
Oct 25 03:24:17 kali NetworkManager[426]: <info>  [1666682657.9527] dhcp4 (eth0): option ip_address           => '172.1.4.9'
Oct 25 03:24:17 kali NetworkManager[426]: <info>  [1666682657.9528] dhcp4 (eth0): option private_224          => '46:47:31:30:30:46:54:4b:32:30:30:31:33:37:34:36:00'
Oct 25 03:24:17 kali NetworkManager[426]: <info>  [1666682657.9528] dhcp4 (eth0): option requested_broadcast_address => '1'
Oct 25 03:24:17 kali NetworkManager[426]: <info>  [1666682657.9528] dhcp4 (eth0): option requested_domain_name => '1'
Oct 25 03:24:17 kali NetworkManager[426]: <info>  [1666682657.9529] dhcp4 (eth0): option requested_domain_name_servers => '1'
Oct 25 03:24:17 kali NetworkManager[426]: <info>  [1666682657.9529] dhcp4 (eth0): option requested_domain_search => '1'
Oct 25 03:24:17 kali NetworkManager[426]: <info>  [1666682657.9529] dhcp4 (eth0): option requested_host_name  => '1'
Oct 25 03:24:17 kali NetworkManager[426]: <info>  [1666682657.9530] dhcp4 (eth0): option requested_interface_mtu => '1'
Oct 25 03:24:17 kali NetworkManager[426]: <info>  [1666682657.9530] dhcp4 (eth0): option requested_ms_classless_static_routes => '1'
Oct 25 03:24:17 kali NetworkManager[426]: <info>  [1666682657.9530] dhcp4 (eth0): option requested_nis_domain => '1'
Oct 25 03:24:17 kali NetworkManager[426]: <info>  [1666682657.9531] dhcp4 (eth0): option requested_nis_servers => '1'
Oct 25 03:24:17 kali NetworkManager[426]: <info>  [1666682657.9531] dhcp4 (eth0): option requested_ntp_servers => '1'
Oct 25 03:24:17 kali NetworkManager[426]: <info>  [1666682657.9531] dhcp4 (eth0): option requested_rfc3442_classless_static_routes => '1'
Oct 25 03:24:17 kali NetworkManager[426]: <info>  [1666682657.9532] dhcp4 (eth0): option requested_root_path  => '1'
Oct 25 03:24:17 kali dbus-daemon[425]: [system] Activating via systemd: service name='org.freedesktop.nm_dispatcher' unit='dbus-org.freedesktop.nm-dispatcher.service' requested by ':1.4' (uid=0 pid=426 comm="/usr/sbin/NetworkManager --no-daemon ")
Oct 25 03:24:17 kali NetworkManager[426]: <info>  [1666682657.9532] dhcp4 (eth0): option requested_routers    => '1'
Oct 25 03:24:17 kali NetworkManager[426]: <info>  [1666682657.9532] dhcp4 (eth0): option requested_static_routes => '1'
Oct 25 03:24:17 kali NetworkManager[426]: <info>  [1666682657.9533] dhcp4 (eth0): option requested_subnet_mask => '1'
Oct 25 03:24:17 kali NetworkManager[426]: <info>  [1666682657.9533] dhcp4 (eth0): option requested_time_offset => '1'
Oct 25 03:24:17 kali NetworkManager[426]: <info>  [1666682657.9534] dhcp4 (eth0): option requested_wpad       => '1'
Oct 25 03:24:17 kali NetworkManager[426]: <info>  [1666682657.9535] dhcp4 (eth0): option routers              => '172.1.0.1'
Oct 25 03:24:17 kali NetworkManager[426]: <info>  [1666682657.9535] dhcp4 (eth0): option subnet_mask          => '255.255.0.0'
Oct 25 03:24:17 kali NetworkManager[426]: <info>  [1666682657.9535] dhcp4 (eth0): state changed extended -> extended
Oct 25 03:24:17 kali systemd[1]: Starting Network Manager Script Dispatcher Service...
Oct 25 03:24:17 kali dbus-daemon[425]: [system] Successfully activated service 'org.freedesktop.nm_dispatcher'
Oct 25 03:24:17 kali systemd[1]: Started Network Manager Script Dispatcher Service.
Oct 25 03:24:28 kali systemd[1]: NetworkManager-dispatcher.service: Succeeded.
Oct 25 03:25:01 kali CRON[1582]: (root) CMD (command -v debian-sa1 > /dev/null && debian-sa1 1 1)
Oct 25 03:29:59 kali lightdm[1597]: Error getting user list from org.freedesktop.Accounts: GDBus.Error:org.freedesktop.DBus.Error.ServiceUnknown: The name org.freedesktop.Accounts was not provided by any .service files
Oct 25 03:30:00 kali systemd[1]: Created slice User Slice of UID 131.
Oct 25 03:30:00 kali systemd[1]: Starting User Runtime Directory /run/user/131...
Oct 25 03:30:00 kali systemd[1607]: gpgconf: error running '/usr/lib/gnupg/scdaemon': probably not installed
Oct 25 03:30:00 kali systemd[1]: Finished User Runtime Directory /run/user/131.
Oct 25 03:30:00 kali systemd[1]: Starting User Manager for UID 131...
Oct 25 03:30:00 kali systemd[1601]: Reached target Paths.
Oct 25 03:30:00 kali systemd[1601]: Reached target Timers.
Oct 25 03:30:00 kali systemd[1601]: Starting D-Bus User Message Bus Socket.
Oct 25 03:30:00 kali systemd[1601]: Listening on GnuPG network certificate management daemon.
Oct 25 03:30:00 kali systemd[1601]: Listening on GnuPG cryptographic agent and passphrase cache (access for web browsers).
Oct 25 03:30:00 kali systemd[1601]: Listening on GnuPG cryptographic agent and passphrase cache (restricted).
Oct 25 03:30:00 kali systemd[1601]: Listening on GnuPG cryptographic agent (ssh-agent emulation).
Oct 25 03:30:00 kali systemd[1601]: Listening on GnuPG cryptographic agent and passphrase cache.
Oct 25 03:30:00 kali systemd[1601]: Listening on Sound System.
Oct 25 03:30:00 kali systemd[1601]: Listening on D-Bus User Message Bus Socket.
Oct 25 03:30:00 kali systemd[1601]: Reached target Sockets.
Oct 25 03:30:00 kali systemd[1601]: Reached target Basic System.
Oct 25 03:30:00 kali systemd[1]: Started User Manager for UID 131.
Oct 25 03:30:00 kali systemd[1]: Started Session c3 of user lightdm.
Oct 25 03:30:00 kali systemd[1601]: Starting Sound Service...
Oct 25 03:30:00 kali systemd[1601]: Started D-Bus User Message Bus.
Oct 25 03:30:00 kali dbus-daemon[1629]: [session uid=131 pid=1629] Activating via systemd: service name='org.a11y.Bus' unit='at-spi-dbus-bus.service' requested by ':1.0' (uid=131 pid=1623 comm="/usr/sbin/lightdm-gtk-greeter ")
Oct 25 03:30:00 kali systemd[1601]: Starting Accessibility services bus...
Oct 25 03:30:00 kali dbus-daemon[1629]: [session uid=131 pid=1629] Successfully activated service 'org.a11y.Bus'
Oct 25 03:30:00 kali systemd[1601]: Started Accessibility services bus.
Oct 25 03:30:00 kali dbus-daemon[1629]: [session uid=131 pid=1629] Activating via systemd: service name='org.gtk.vfs.Daemon' unit='gvfs-daemon.service' requested by ':1.3' (uid=131 pid=1623 comm="/usr/sbin/lightdm-gtk-greeter ")
Oct 25 03:30:00 kali systemd[1601]: Starting Virtual filesystem service...
Oct 25 03:30:00 kali dbus-daemon[1629]: [session uid=131 pid=1629] Successfully activated service 'org.gtk.vfs.Daemon'
Oct 25 03:30:00 kali systemd[1601]: Started Virtual filesystem service.
Oct 25 03:30:00 kali systemd[1657]: Excess arguments.
Oct 25 03:30:00 kali rtkit-daemon[751]: Successfully made thread 1622 of process 1622 owned by '131' high priority at nice level -11.
Oct 25 03:30:00 kali rtkit-daemon[751]: Supervising 4 threads of 2 processes of 2 users.
Oct 25 03:30:00 kali pulseaudio[1622]: N: [pulseaudio] alsa-util.c: Disabling timer-based scheduling because running inside a VM.
Oct 25 03:30:00 kali at-spi-bus-launcher[1636]: dbus-daemon[1636]: Activating service name='org.a11y.atspi.Registry' requested by ':1.0' (uid=131 pid=1623 comm="/usr/sbin/lightdm-gtk-greeter ")
Oct 25 03:30:00 kali rtkit-daemon[751]: Supervising 4 threads of 2 processes of 2 users.
Oct 25 03:30:00 kali rtkit-daemon[751]: Successfully made thread 1663 of process 1622 owned by '131' RT at priority 5.
Oct 25 03:30:00 kali rtkit-daemon[751]: Supervising 5 threads of 2 processes of 2 users.
Oct 25 03:30:00 kali pulseaudio[1622]: E: [alsa-sink-Intel ICH] alsa-sink.c: ALSA woke us up to write new data to the device, but there was actually nothing to write.
Oct 25 03:30:00 kali pulseaudio[1622]: E: [alsa-sink-Intel ICH] alsa-sink.c: Most likely this is a bug in the ALSA driver 'snd_intel8x0'. Please report this issue to the ALSA developers.
Oct 25 03:30:00 kali pulseaudio[1622]: E: [alsa-sink-Intel ICH] alsa-sink.c: We were woken up with POLLOUT set -- however a subsequent snd_pcm_avail() returned 0 or another value < min_avail.
Oct 25 03:30:00 kali pulseaudio[1622]: N: [pulseaudio] alsa-util.c: Disabling timer-based scheduling because running inside a VM.
Oct 25 03:30:00 kali rtkit-daemon[751]: Supervising 5 threads of 2 processes of 2 users.
Oct 25 03:30:00 kali at-spi-bus-launcher[1636]: dbus-daemon[1636]: Successfully activated service 'org.a11y.atspi.Registry'
Oct 25 03:30:00 kali at-spi-bus-launcher[1666]: SpiRegistry daemon is running with well-known name - org.a11y.atspi.Registry
Oct 25 03:30:00 kali rtkit-daemon[751]: Successfully made thread 1665 of process 1622 owned by '131' RT at priority 5.
Oct 25 03:30:00 kali rtkit-daemon[751]: Supervising 6 threads of 2 processes of 2 users.
Oct 25 03:30:00 kali dbus-daemon[425]: [system] Activating via systemd: service name='org.bluez' unit='dbus-org.bluez.service' requested by ':1.75' (uid=131 pid=1622 comm="/usr/bin/pulseaudio --daemonize=no ")
Oct 25 03:30:00 kali systemd[1601]: Started Sound Service.
Oct 25 03:30:00 kali systemd[1601]: Reached target Main User Target.
Oct 25 03:30:00 kali systemd[1601]: Startup finished in 759ms.
Oct 25 03:30:00 kali dbus-daemon[425]: [system] Activation via systemd failed for unit 'dbus-org.bluez.service': Unit dbus-org.bluez.service not found.
Oct 25 03:30:00 kali pulseaudio[1622]: E: [pulseaudio] bluez5-util.c: GetManagedObjects() failed: org.freedesktop.systemd1.NoSuchUnit: Unit dbus-org.bluez.service not found.
Oct 25 03:35:01 kali CRON[1676]: (root) CMD (command -v debian-sa1 > /dev/null && debian-sa1 1 1)
Oct 25 03:39:01 kali CRON[1679]: (root) CMD (  [ -x /usr/lib/php/sessionclean ] && if [ ! -d /run/systemd/system ]; then /usr/lib/php/sessionclean; fi)
Oct 25 03:39:01 kali systemd[1]: Starting Clean php session files...
Oct 25 03:39:01 kali systemd[1]: phpsessionclean.service: Succeeded.
Oct 25 03:39:01 kali systemd[1]: Finished Clean php session files.
Oct 25 03:40:58 kali NetworkManager[426]: <info>  [1666683658.1977] dhcp4 (eth0): option dhcp_lease_time      => '2000'
Oct 25 03:40:58 kali NetworkManager[426]: <info>  [1666683658.1978] dhcp4 (eth0): option domain_name_servers  => '8.8.8.8'
Oct 25 03:40:58 kali dbus-daemon[425]: [system] Activating via systemd: service name='org.freedesktop.nm_dispatcher' unit='dbus-org.freedesktop.nm-dispatcher.service' requested by ':1.4' (uid=0 pid=426 comm="/usr/sbin/NetworkManager --no-daemon ")
Oct 25 03:40:58 kali NetworkManager[426]: <info>  [1666683658.1979] dhcp4 (eth0): option expiry               => '1666685657'
Oct 25 03:40:58 kali NetworkManager[426]: <info>  [1666683658.1979] dhcp4 (eth0): option ip_address           => '172.1.4.9'
Oct 25 03:40:58 kali NetworkManager[426]: <info>  [1666683658.1979] dhcp4 (eth0): option private_224          => '46:47:31:30:30:46:54:4b:32:30:30:31:33:37:34:36:00'
Oct 25 03:40:58 kali NetworkManager[426]: <info>  [1666683658.1980] dhcp4 (eth0): option requested_broadcast_address => '1'
Oct 25 03:40:58 kali NetworkManager[426]: <info>  [1666683658.1980] dhcp4 (eth0): option requested_domain_name => '1'
Oct 25 03:40:58 kali NetworkManager[426]: <info>  [1666683658.1980] dhcp4 (eth0): option requested_domain_name_servers => '1'
Oct 25 03:40:58 kali NetworkManager[426]: <info>  [1666683658.1981] dhcp4 (eth0): option requested_domain_search => '1'
Oct 25 03:40:58 kali NetworkManager[426]: <info>  [1666683658.1981] dhcp4 (eth0): option requested_host_name  => '1'
Oct 25 03:40:58 kali NetworkManager[426]: <info>  [1666683658.1982] dhcp4 (eth0): option requested_interface_mtu => '1'
Oct 25 03:40:58 kali NetworkManager[426]: <info>  [1666683658.1982] dhcp4 (eth0): option requested_ms_classless_static_routes => '1'
Oct 25 03:40:58 kali NetworkManager[426]: <info>  [1666683658.1982] dhcp4 (eth0): option requested_nis_domain => '1'
Oct 25 03:40:58 kali NetworkManager[426]: <info>  [1666683658.1982] dhcp4 (eth0): option requested_nis_servers => '1'
Oct 25 03:40:58 kali NetworkManager[426]: <info>  [1666683658.1983] dhcp4 (eth0): option requested_ntp_servers => '1'
Oct 25 03:40:58 kali NetworkManager[426]: <info>  [1666683658.1984] dhcp4 (eth0): option requested_rfc3442_classless_static_routes => '1'
Oct 25 03:40:58 kali NetworkManager[426]: <info>  [1666683658.1984] dhcp4 (eth0): option requested_root_path  => '1'
Oct 25 03:40:58 kali NetworkManager[426]: <info>  [1666683658.1985] dhcp4 (eth0): option requested_routers    => '1'
Oct 25 03:40:58 kali NetworkManager[426]: <info>  [1666683658.1985] dhcp4 (eth0): option requested_static_routes => '1'
Oct 25 03:40:58 kali NetworkManager[426]: <info>  [1666683658.1985] dhcp4 (eth0): option requested_subnet_mask => '1'
Oct 25 03:40:58 kali NetworkManager[426]: <info>  [1666683658.1986] dhcp4 (eth0): option requested_time_offset => '1'
Oct 25 03:40:58 kali NetworkManager[426]: <info>  [1666683658.1986] dhcp4 (eth0): option requested_wpad       => '1'
Oct 25 03:40:58 kali NetworkManager[426]: <info>  [1666683658.1986] dhcp4 (eth0): option routers              => '172.1.0.1'
Oct 25 03:40:58 kali NetworkManager[426]: <info>  [1666683658.1987] dhcp4 (eth0): option subnet_mask          => '255.255.0.0'
Oct 25 03:40:58 kali NetworkManager[426]: <info>  [1666683658.1987] dhcp4 (eth0): state changed extended -> extended
Oct 25 03:40:58 kali systemd[1]: Starting Network Manager Script Dispatcher Service...
Oct 25 03:40:58 kali dbus-daemon[425]: [system] Successfully activated service 'org.freedesktop.nm_dispatcher'
Oct 25 03:40:58 kali systemd[1]: Started Network Manager Script Dispatcher Service.
Oct 25 03:41:08 kali systemd[1]: NetworkManager-dispatcher.service: Succeeded.
Oct 25 03:45:01 kali CRON[1739]: (root) CMD (command -v debian-sa1 > /dev/null && debian-sa1 1 1)
Oct 25 03:55:01 kali CRON[1746]: (root) CMD (command -v debian-sa1 > /dev/null && debian-sa1 1 1)
Oct 25 03:57:37 kali NetworkManager[426]: <info>  [1666684657.9910] dhcp4 (eth0): option dhcp_lease_time      => '2000'
Oct 25 03:57:37 kali NetworkManager[426]: <info>  [1666684657.9910] dhcp4 (eth0): option domain_name_servers  => '8.8.8.8'
Oct 25 03:57:37 kali NetworkManager[426]: <info>  [1666684657.9910] dhcp4 (eth0): option expiry               => '1666686657'
Oct 25 03:57:37 kali NetworkManager[426]: <info>  [1666684657.9910] dhcp4 (eth0): option ip_address           => '172.1.4.9'
Oct 25 03:57:37 kali NetworkManager[426]: <info>  [1666684657.9910] dhcp4 (eth0): option private_224          => '46:47:31:30:30:46:54:4b:32:30:30:31:33:37:34:36:00'
Oct 25 03:57:37 kali NetworkManager[426]: <info>  [1666684657.9911] dhcp4 (eth0): option requested_broadcast_address => '1'
Oct 25 03:57:37 kali NetworkManager[426]: <info>  [1666684657.9911] dhcp4 (eth0): option requested_domain_name => '1'
Oct 25 03:57:37 kali NetworkManager[426]: <info>  [1666684657.9911] dhcp4 (eth0): option requested_domain_name_servers => '1'
Oct 25 03:57:37 kali NetworkManager[426]: <info>  [1666684657.9911] dhcp4 (eth0): option requested_domain_search => '1'
Oct 25 03:57:37 kali NetworkManager[426]: <info>  [1666684657.9911] dhcp4 (eth0): option requested_host_name  => '1'
Oct 25 03:57:37 kali NetworkManager[426]: <info>  [1666684657.9911] dhcp4 (eth0): option requested_interface_mtu => '1'
Oct 25 03:57:37 kali NetworkManager[426]: <info>  [1666684657.9911] dhcp4 (eth0): option requested_ms_classless_static_routes => '1'
Oct 25 03:57:37 kali NetworkManager[426]: <info>  [1666684657.9911] dhcp4 (eth0): option requested_nis_domain => '1'
Oct 25 03:57:37 kali NetworkManager[426]: <info>  [1666684657.9911] dhcp4 (eth0): option requested_nis_servers => '1'
Oct 25 03:57:37 kali NetworkManager[426]: <info>  [1666684657.9911] dhcp4 (eth0): option requested_ntp_servers => '1'
Oct 25 03:57:37 kali NetworkManager[426]: <info>  [1666684657.9911] dhcp4 (eth0): option requested_rfc3442_classless_static_routes => '1'
Oct 25 03:57:37 kali NetworkManager[426]: <info>  [1666684657.9911] dhcp4 (eth0): option requested_root_path  => '1'
Oct 25 03:57:37 kali NetworkManager[426]: <info>  [1666684657.9911] dhcp4 (eth0): option requested_routers    => '1'
Oct 25 03:57:37 kali NetworkManager[426]: <info>  [1666684657.9912] dhcp4 (eth0): option requested_static_routes => '1'
Oct 25 03:57:37 kali NetworkManager[426]: <info>  [1666684657.9912] dhcp4 (eth0): option requested_subnet_mask => '1'
Oct 25 03:57:37 kali NetworkManager[426]: <info>  [1666684657.9912] dhcp4 (eth0): option requested_time_offset => '1'
Oct 25 03:57:37 kali NetworkManager[426]: <info>  [1666684657.9912] dhcp4 (eth0): option requested_wpad       => '1'
Oct 25 03:57:37 kali NetworkManager[426]: <info>  [1666684657.9912] dhcp4 (eth0): option routers              => '172.1.0.1'
Oct 25 03:57:37 kali NetworkManager[426]: <info>  [1666684657.9912] dhcp4 (eth0): option subnet_mask          => '255.255.0.0'
Oct 25 03:57:37 kali NetworkManager[426]: <info>  [1666684657.9912] dhcp4 (eth0): state changed extended -> extended
Oct 25 03:57:37 kali dbus-daemon[425]: [system] Activating via systemd: service name='org.freedesktop.nm_dispatcher' unit='dbus-org.freedesktop.nm-dispatcher.service' requested by ':1.4' (uid=0 pid=426 comm="/usr/sbin/NetworkManager --no-daemon ")
Oct 25 03:57:37 kali systemd[1]: Starting Network Manager Script Dispatcher Service...
Oct 25 03:57:38 kali dbus-daemon[425]: [system] Successfully activated service 'org.freedesktop.nm_dispatcher'
Oct 25 03:57:38 kali systemd[1]: Started Network Manager Script Dispatcher Service.
Oct 25 03:57:48 kali systemd[1]: NetworkManager-dispatcher.service: Succeeded.
Oct 25 04:05:02 kali CRON[1759]: (root) CMD (command -v debian-sa1 > /dev/null && debian-sa1 1 1)
Oct 25 04:09:01 kali CRON[1764]: (root) CMD (  [ -x /usr/lib/php/sessionclean ] && if [ ! -d /run/systemd/system ]; then /usr/lib/php/sessionclean; fi)
Oct 25 04:09:01 kali systemd[1]: Starting Clean php session files...
Oct 25 04:09:01 kali systemd[1]: phpsessionclean.service: Succeeded.
Oct 25 04:09:01 kali systemd[1]: Finished Clean php session files.
Oct 25 04:14:17 kali NetworkManager[426]: <info>  [1666685657.9632] dhcp4 (eth0): option dhcp_lease_time      => '2000'
Oct 25 04:14:17 kali NetworkManager[426]: <info>  [1666685657.9633] dhcp4 (eth0): option domain_name_servers  => '8.8.8.8'
Oct 25 04:14:17 kali dbus-daemon[425]: [system] Activating via systemd: service name='org.freedesktop.nm_dispatcher' unit='dbus-org.freedesktop.nm-dispatcher.service' requested by ':1.4' (uid=0 pid=426 comm="/usr/sbin/NetworkManager --no-daemon ")
Oct 25 04:14:17 kali NetworkManager[426]: <info>  [1666685657.9634] dhcp4 (eth0): option expiry               => '1666687657'
Oct 25 04:14:17 kali NetworkManager[426]: <info>  [1666685657.9634] dhcp4 (eth0): option ip_address           => '172.1.4.9'
Oct 25 04:14:17 kali NetworkManager[426]: <info>  [1666685657.9634] dhcp4 (eth0): option private_224          => '46:47:31:30:30:46:54:4b:32:30:30:31:33:37:34:36:00'
Oct 25 04:14:17 kali NetworkManager[426]: <info>  [1666685657.9635] dhcp4 (eth0): option requested_broadcast_address => '1'
Oct 25 04:14:17 kali dbus-daemon[425]: [system] Successfully activated service 'org.freedesktop.nm_dispatcher'
Oct 25 04:14:17 kali NetworkManager[426]: <info>  [1666685657.9635] dhcp4 (eth0): option requested_domain_name => '1'
Oct 25 04:14:17 kali NetworkManager[426]: <info>  [1666685657.9636] dhcp4 (eth0): option requested_domain_name_servers => '1'
Oct 25 04:14:17 kali NetworkManager[426]: <info>  [1666685657.9636] dhcp4 (eth0): option requested_domain_search => '1'
Oct 25 04:14:17 kali NetworkManager[426]: <info>  [1666685657.9636] dhcp4 (eth0): option requested_host_name  => '1'
Oct 25 04:14:17 kali NetworkManager[426]: <info>  [1666685657.9637] dhcp4 (eth0): option requested_interface_mtu => '1'
Oct 25 04:14:17 kali NetworkManager[426]: <info>  [1666685657.9637] dhcp4 (eth0): option requested_ms_classless_static_routes => '1'
Oct 25 04:14:17 kali NetworkManager[426]: <info>  [1666685657.9637] dhcp4 (eth0): option requested_nis_domain => '1'
Oct 25 04:14:17 kali NetworkManager[426]: <info>  [1666685657.9638] dhcp4 (eth0): option requested_nis_servers => '1'
Oct 25 04:14:17 kali NetworkManager[426]: <info>  [1666685657.9639] dhcp4 (eth0): option requested_ntp_servers => '1'
Oct 25 04:14:17 kali NetworkManager[426]: <info>  [1666685657.9639] dhcp4 (eth0): option requested_rfc3442_classless_static_routes => '1'
Oct 25 04:14:17 kali NetworkManager[426]: <info>  [1666685657.9640] dhcp4 (eth0): option requested_root_path  => '1'
Oct 25 04:14:17 kali NetworkManager[426]: <info>  [1666685657.9640] dhcp4 (eth0): option requested_routers    => '1'
Oct 25 04:14:17 kali NetworkManager[426]: <info>  [1666685657.9640] dhcp4 (eth0): option requested_static_routes => '1'
Oct 25 04:14:17 kali NetworkManager[426]: <info>  [1666685657.9641] dhcp4 (eth0): option requested_subnet_mask => '1'
Oct 25 04:14:17 kali NetworkManager[426]: <info>  [1666685657.9641] dhcp4 (eth0): option requested_time_offset => '1'
Oct 25 04:14:17 kali NetworkManager[426]: <info>  [1666685657.9641] dhcp4 (eth0): option requested_wpad       => '1'
Oct 25 04:14:17 kali NetworkManager[426]: <info>  [1666685657.9641] dhcp4 (eth0): option routers              => '172.1.0.1'
Oct 25 04:14:17 kali NetworkManager[426]: <info>  [1666685657.9642] dhcp4 (eth0): option subnet_mask          => '255.255.0.0'
Oct 25 04:14:17 kali NetworkManager[426]: <info>  [1666685657.9642] dhcp4 (eth0): state changed extended -> extended
Oct 25 04:14:17 kali systemd[1]: Starting Network Manager Script Dispatcher Service...
Oct 25 04:14:17 kali systemd[1]: Started Network Manager Script Dispatcher Service.
Oct 25 04:14:28 kali systemd[1]: NetworkManager-dispatcher.service: Succeeded.
Oct 25 04:14:28 kali lightdm[1670]: Error getting user list from org.freedesktop.Accounts: GDBus.Error:org.freedesktop.DBus.Error.ServiceUnknown: The name org.freedesktop.Accounts was not provided by any .service files
Oct 25 04:14:28 kali systemd[1]: Stopping Session c3 of user lightdm.
Oct 25 04:14:28 kali systemd[1601]: pulseaudio.service: Succeeded.
Oct 25 04:14:28 kali systemd[1]: session-c3.scope: Succeeded.
Oct 25 04:14:28 kali systemd[1]: Stopped Session c3 of user lightdm.
Oct 25 04:14:39 kali systemd[1]: Stopping User Manager for UID 131...
Oct 25 04:14:39 kali systemd[1601]: Stopped target Main User Target.
Oct 25 04:14:39 kali gvfsd[1638]: A connection to the bus can't be made
Oct 25 04:14:39 kali systemd[1601]: Stopping Accessibility services bus...
Oct 25 04:14:39 kali systemd[1601]: Stopping D-Bus User Message Bus...
Oct 25 04:14:39 kali systemd[1601]: Stopping Virtual filesystem service...
Oct 25 04:14:39 kali systemd[1601]: dbus.service: Succeeded.
Oct 25 04:14:39 kali systemd[1601]: Stopped D-Bus User Message Bus.
Oct 25 04:14:39 kali systemd[1601]: at-spi-dbus-bus.service: Succeeded.
Oct 25 04:14:39 kali systemd[1601]: Stopped Accessibility services bus.
Oct 25 04:14:39 kali systemd[1]: run-user-131-gvfs.mount: Succeeded.
Oct 25 04:14:39 kali systemd[808]: run-user-131-gvfs.mount: Succeeded.
Oct 25 04:14:39 kali systemd[1601]: run-user-131-gvfs.mount: Succeeded.
Oct 25 04:14:39 kali systemd[1601]: gvfs-daemon.service: Succeeded.
Oct 25 04:14:39 kali systemd[1601]: Stopped Virtual filesystem service.
Oct 25 04:14:39 kali systemd[1601]: Stopped target Basic System.
Oct 25 04:14:39 kali systemd[1601]: Stopped target Paths.
Oct 25 04:14:39 kali systemd[1601]: Stopped target Sockets.
Oct 25 04:14:39 kali systemd[1601]: Stopped target Timers.
Oct 25 04:14:39 kali systemd[1601]: dbus.socket: Succeeded.
Oct 25 04:14:39 kali systemd[1601]: Closed D-Bus User Message Bus Socket.
Oct 25 04:14:39 kali systemd[1601]: dirmngr.socket: Succeeded.
Oct 25 04:14:39 kali systemd[1601]: Closed GnuPG network certificate management daemon.
Oct 25 04:14:39 kali systemd[1601]: gpg-agent-browser.socket: Succeeded.
Oct 25 04:14:39 kali systemd[1601]: Closed GnuPG cryptographic agent and passphrase cache (access for web browsers).
Oct 25 04:14:39 kali systemd[1601]: gpg-agent-extra.socket: Succeeded.
Oct 25 04:14:39 kali systemd[1601]: Closed GnuPG cryptographic agent and passphrase cache (restricted).
Oct 25 04:14:39 kali systemd[1601]: gpg-agent-ssh.socket: Succeeded.
Oct 25 04:14:39 kali systemd[1601]: Closed GnuPG cryptographic agent (ssh-agent emulation).
Oct 25 04:14:39 kali systemd[1601]: gpg-agent.socket: Succeeded.
Oct 25 04:14:39 kali systemd[1601]: Closed GnuPG cryptographic agent and passphrase cache.
Oct 25 04:14:39 kali systemd[1601]: pulseaudio.socket: Succeeded.
Oct 25 04:14:39 kali systemd[1601]: Closed Sound System.
Oct 25 04:14:39 kali systemd[1601]: Reached target Shutdown.
Oct 25 04:14:39 kali systemd[1601]: systemd-exit.service: Succeeded.
Oct 25 04:14:39 kali systemd[1601]: Finished Exit the Session.
Oct 25 04:14:39 kali systemd[1601]: Reached target Exit the Session.
Oct 25 04:14:39 kali systemd[1]: user@131.service: Succeeded.
Oct 25 04:14:39 kali systemd[1]: Stopped User Manager for UID 131.
Oct 25 04:14:39 kali systemd[1]: Stopping User Runtime Directory /run/user/131...
Oct 25 04:14:39 kali systemd[808]: run-user-131.mount: Succeeded.
Oct 25 04:14:39 kali systemd[1]: run-user-131.mount: Succeeded.
Oct 25 04:14:39 kali systemd[1]: user-runtime-dir@131.service: Succeeded.
Oct 25 04:14:39 kali systemd[1]: Stopped User Runtime Directory /run/user/131.
Oct 25 04:14:39 kali systemd[1]: Removed slice User Slice of UID 131.
Oct 25 04:15:01 kali CRON[1837]: (root) CMD (command -v debian-sa1 > /dev/null && debian-sa1 1 1)
Oct 25 04:17:01 kali CRON[1845]: (root) CMD (   cd / && run-parts --report /etc/cron.hourly)
Oct 25 09:11:10 kali systemd[1]: Starting Flush Journal to Persistent Storage...
Oct 25 09:11:10 kali mtp-probe: checking bus 2, device 2: "/sys/devices/pci0000:00/0000:00:06.0/usb2/2-1"
Oct 25 09:11:10 kali systemd-tmpfiles[283]: /usr/lib/tmpfiles.d/iodined.conf:1: Line references path below legacy directory /var/run/, updating /var/run/iodine â†’ /run/iodine; please update the tmpfiles.d/ drop-in file accordingly.
Oct 25 09:11:10 kali mtp-probe: bus: 2, device: 2 was not an MTP device
Oct 25 09:11:10 kali systemd[1]: Finished Create Static Device Nodes in /dev.
Oct 25 09:11:10 kali systemd[1]: Reached target Local File Systems (Pre).
Oct 25 09:11:10 kali systemd[1]: Reached target Local File Systems.
Oct 25 09:11:10 kali systemd[1]: Starting Enable support for additional executable binary formats...
Oct 25 09:11:10 kali systemd[1]: Starting Set console font and keymap...
Oct 25 09:11:10 kali systemd[1]: Starting Raise network interfaces...
Oct 25 09:11:10 kali systemd[1]: Starting Preprocess NFS configuration...
Oct 25 09:11:10 kali systemd[1]: Starting Tell Plymouth To Write Out Runtime Data...
Oct 25 09:11:10 kali systemd[1]: Condition check resulted in Store a System Token in an EFI Variable being skipped.
Oct 25 09:11:10 kali systemd[1]: Condition check resulted in Commit a transient machine-id on disk being skipped.
Oct 25 09:11:10 kali systemd[1]: Starting udev Kernel Device Manager...
Oct 25 09:11:10 kali systemd[1]: proc-sys-fs-binfmt_misc.automount: Got automount request for /proc/sys/fs/binfmt_misc, triggered by 285 (update-binfmts)
Oct 25 09:11:10 kali systemd[1]: Mounting Arbitrary Executable File Formats File System...
Oct 25 09:11:10 kali systemd[1]: nfs-config.service: Succeeded.
Oct 25 09:11:10 kali systemd[1]: Finished Preprocess NFS configuration.
Oct 25 09:11:10 kali systemd[1]: Received SIGRTMIN+20 from PID 188 (plymouthd).
Oct 25 09:11:10 kali systemd[1]: Condition check resulted in RPC security service for NFS client and server being skipped.
Oct 25 09:11:10 kali systemd[1]: Condition check resulted in RPC security service for NFS server being skipped.
Oct 25 09:11:10 kali systemd[1]: Reached target NFS client services.
Oct 25 09:11:10 kali systemd[1]: Reached target Remote File Systems (Pre).
Oct 25 09:11:10 kali systemd[1]: Reached target Remote File Systems.
Oct 25 09:11:10 kali systemd[1]: Finished Set console font and keymap.
Oct 25 09:11:10 kali systemd[1]: Mounted Arbitrary Executable File Formats File System.
Oct 25 09:11:10 kali systemd[1]: Finished Tell Plymouth To Write Out Runtime Data.
Oct 25 09:11:10 kali systemd[1]: Finished Enable support for additional executable binary formats.
Oct 25 09:11:10 kali systemd[1]: Started udev Kernel Device Manager.
Oct 25 09:11:10 kali systemd[1]: Starting Show Plymouth Boot Screen...
Oct 25 09:11:10 kali systemd[1]: Started Show Plymouth Boot Screen.
Oct 25 09:11:10 kali systemd[1]: Condition check resulted in Dispatch Password Requests to Console Directory Watch being skipped.
Oct 25 09:11:10 kali systemd[1]: Started Forward Password Requests to Plymouth Directory Watch.
Oct 25 09:11:10 kali systemd[1]: Reached target Local Encrypted Volumes.
Oct 25 09:11:10 kali systemd[1]: Reached target Paths.
Oct 25 09:11:10 kali systemd-udevd[371]: Using default interface naming scheme 'v245'.
Oct 25 09:11:10 kali systemd[1]: Reached target Sound Card.
Oct 25 09:11:10 kali systemd[1]: Found device VBOX_HARDDISK 5.
Oct 25 09:11:10 kali systemd[1]: Activating swap /dev/disk/by-uuid/e95cad50-dfbd-4c5c-bc4b-b0b619dddb16...
Oct 25 09:11:10 kali systemd[1]: Activated swap /dev/disk/by-uuid/e95cad50-dfbd-4c5c-bc4b-b0b619dddb16.
Oct 25 09:11:10 kali systemd[1]: Reached target Swap.
Oct 25 09:11:10 kali systemd[1]: Finished Flush Journal to Persistent Storage.
Oct 25 09:11:10 kali systemd[1]: Starting Create Volatile Files and Directories...
Oct 25 09:11:10 kali systemd-tmpfiles[420]: /usr/lib/tmpfiles.d/iodined.conf:1: Line references path below legacy directory /var/run/, updating /var/run/iodine â†’ /run/iodine; please update the tmpfiles.d/ drop-in file accordingly.
Oct 25 09:11:10 kali systemd[1]: Finished Create Volatile Files and Directories.
Oct 25 09:11:10 kali systemd[1]: Started Entropy Daemon based on the HAVEGE algorithm.
Oct 25 09:11:10 kali systemd[1]: Starting Update UTMP about System Boot/Shutdown...
Oct 25 09:11:10 kali systemd[1]: Finished Update UTMP about System Boot/Shutdown.
Oct 25 09:11:10 kali systemd[1]: Reached target System Initialization.
Oct 25 09:11:10 kali systemd[1]: Started Daily apt download activities.
Oct 25 09:11:10 kali systemd[1]: Started Daily apt upgrade and clean activities.
Oct 25 09:11:10 kali systemd[1]: Started Periodic ext4 Online Metadata Check for All Filesystems.
Oct 25 09:11:10 kali systemd[1]: Started Daily exim4-base housekeeping.
Oct 25 09:11:10 kali systemd[1]: Started Discard unused blocks once a week.
Oct 25 09:11:10 kali systemd[1]: Started Daily rotation of log files.
Oct 25 09:11:10 kali systemd[1]: Started Daily man-db regeneration.
Oct 25 09:11:10 kali systemd[1]: Started Clean PHP session files every 30 mins.
Oct 25 09:11:10 kali systemd[1]: Started Daily Cleanup of Temporary Directories.
Oct 25 09:11:10 kali systemd[1]: Reached target Timers.
Oct 25 09:11:10 kali systemd[1]: Listening on D-Bus System Message Bus Socket.
Oct 25 09:11:10 kali systemd[1]: Reached target Sockets.
Oct 25 09:11:10 kali systemd[1]: Reached target Basic System.
Oct 25 09:11:10 kali systemd[1]: Started Regular background program processing daemon.
Oct 25 09:11:10 kali systemd[1]: Started D-Bus System Message Bus.
Oct 25 09:11:10 kali systemd[1]: Starting Network Manager...
Oct 25 09:11:10 kali cron[423]: (CRON) INFO (pidfile fd = 3)
Oct 25 09:11:10 kali cron[423]: (CRON) INFO (Running @reboot jobs)
Oct 25 09:11:10 kali haveged[421]: haveged: listening socket at 3
Oct 25 09:11:10 kali haveged[421]: haveged: ver: 1.9.8; arch: x86; vend: GenuineIntel; build: (gcc 9.2.1 ITV); collect: 128K
Oct 25 09:11:10 kali haveged[421]: haveged: cpu: (L4 VC); data: 32K (L4 V); inst: 32K (L4 V); idx: 25/40; sz: 32671/52623
Oct 25 09:11:10 kali haveged[421]: haveged: tot tests(BA8): A:1/1 B:1/1 continuous tests(B):  last entropy estimate 8.00024
Oct 25 09:11:10 kali haveged[421]: haveged: fills: 0, generated: 0
Oct 25 09:11:10 kali systemd[1]: Starting Remove Stale Online ext4 Metadata Check Snapshots...
Oct 25 09:11:10 kali systemd[1]: Condition check resulted in getty on tty2-tty6 if dbus and logind are not available being skipped.
Oct 25 09:11:10 kali systemd[1]: Starting LSB: GNU Network Utilities internet superserver...
Oct 25 09:11:10 kali systemd[1]: Starting Authorization Manager...
Oct 25 09:11:10 kali systemd[1]: Starting Restore /etc/resolv.conf if the system crashed before the ppp link was shut down...
Oct 25 09:11:10 kali systemd[1]: Starting System Logging Service...
Oct 25 09:11:10 kali systemd[1]: Starting Self Monitoring and Reporting Technology (SMART) Daemon...
Oct 25 09:11:10 kali systemd[1]: Starting LSB: Start or stop stunnel 4.x (TLS tunnel for network daemons)...
Oct 25 09:11:10 kali systemd[1]: Starting Login Service...
Oct 25 09:11:10 kali systemd[1]: Starting Virtualbox guest utils...
Oct 25 09:11:10 kali rsyslogd: imuxsock: Acquired UNIX socket '/run/systemd/journal/syslog' (fd 3) from systemd.  [v8.2006.0]
Oct 25 09:11:10 kali rsyslogd: [origin software="rsyslogd" swVersion="8.2006.0" x-pid="430" x-info="https://www.rsyslog.com"] start
Oct 25 09:11:10 kali kernel: [    0.000000] Linux version 5.7.0-kali1-amd64 (devel@kali.org) (gcc version 9.3.0 (Debian 9.3.0-14), GNU ld (GNU Binutils for Debian) 2.34) #1 SMP Debian 5.7.6-1kali2 (2020-07-01)
Oct 25 09:11:10 kali kernel: [    0.000000] Command line: BOOT_IMAGE=/boot/vmlinuz-5.7.0-kali1-amd64 root=UUID=b1ce2f1a-ef90-47cd-ac50-0556d1ef12e1 ro quiet splash
Oct 25 09:11:10 kali kernel: [    0.000000] x86/fpu: Supporting XSAVE feature 0x001: 'x87 floating point registers'
Oct 25 09:11:10 kali kernel: [    0.000000] x86/fpu: Supporting XSAVE feature 0x002: 'SSE registers'
Oct 25 09:11:10 kali kernel: [    0.000000] x86/fpu: Supporting XSAVE feature 0x004: 'AVX registers'
Oct 25 09:11:10 kali kernel: [    0.000000] x86/fpu: xstate_offset[2]:  576, xstate_sizes[2]:  256
Oct 25 09:11:10 kali kernel: [    0.000000] x86/fpu: Enabled xstate features 0x7, context size is 832 bytes, using 'standard' format.
Oct 25 09:11:10 kali kernel: [    0.000000] BIOS-provided physical RAM map:
Oct 25 09:11:10 kali kernel: [    0.000000] BIOS-e820: [mem 0x0000000000000000-0x000000000009fbff] usable
Oct 25 09:11:10 kali kernel: [    0.000000] BIOS-e820: [mem 0x000000000009fc00-0x000000000009ffff] reserved
Oct 25 09:11:10 kali kernel: [    0.000000] BIOS-e820: [mem 0x00000000000f0000-0x00000000000fffff] reserved
Oct 25 09:11:10 kali kernel: [    0.000000] BIOS-e820: [mem 0x0000000000100000-0x000000007ffeffff] usable
Oct 25 09:11:10 kali kernel: [    0.000000] BIOS-e820: [mem 0x000000007fff0000-0x000000007fffffff] ACPI data
Oct 25 09:11:10 kali kernel: [    0.000000] BIOS-e820: [mem 0x00000000fec00000-0x00000000fec00fff] reserved
Oct 25 09:11:10 kali kernel: [    0.000000] BIOS-e820: [mem 0x00000000fee00000-0x00000000fee00fff] reserved
Oct 25 09:11:10 kali kernel: [    0.000000] BIOS-e820: [mem 0x00000000fffc0000-0x00000000ffffffff] reserved
Oct 25 09:11:10 kali kernel: [    0.000000] NX (Execute Disable) protection: active
Oct 25 09:11:10 kali kernel: [    0.000000] SMBIOS 2.5 present.
Oct 25 09:11:10 kali kernel: [    0.000000] DMI: innotek GmbH VirtualBox/VirtualBox, BIOS VirtualBox 12/01/2006
Oct 25 09:11:10 kali kernel: [    0.000000] Hypervisor detected: KVM
Oct 25 09:11:10 kali kernel: [    0.000000] kvm-clock: Using msrs 4b564d01 and 4b564d00
Oct 25 09:11:10 kali kernel: [    0.000000] kvm-clock: cpu 0, msr 483e001, primary cpu clock
Oct 25 09:11:10 kali kernel: [    0.000000] kvm-clock: using sched offset of 10801878178 cycles
Oct 25 09:11:10 kali kernel: [    0.000002] clocksource: kvm-clock: mask: 0xffffffffffffffff max_cycles: 0x1cd42e4dffb, max_idle_ns: 881590591483 ns
Oct 25 09:11:10 kali kernel: [    0.000004] tsc: Detected 1991.999 MHz processor
Oct 25 09:11:10 kali kernel: [    0.001780] e820: update [mem 0x00000000-0x00000fff] usable ==> reserved
Oct 25 09:11:10 kali kernel: [    0.001782] e820: remove [mem 0x000a0000-0x000fffff] usable
Oct 25 09:11:10 kali kernel: [    0.001785] last_pfn = 0x7fff0 max_arch_pfn = 0x400000000
Oct 25 09:11:10 kali kernel: [    0.001795] MTRR default type: uncachable
Oct 25 09:11:10 kali kernel: [    0.001796] MTRR variable ranges disabled:
Oct 25 09:11:10 kali kernel: [    0.001797] Disabled
Oct 25 09:11:10 kali kernel: [    0.001798] x86/PAT: MTRRs disabled, skipping PAT initialization too.
Oct 25 09:11:10 kali kernel: [    0.001800] CPU MTRRs all blank - virtualized system.
Oct 25 09:11:10 kali kernel: [    0.001802] x86/PAT: Configuration [0-7]: WB  WT  UC- UC  WB  WT  UC- UC  
Oct 25 09:11:10 kali kernel: [    0.001861] found SMP MP-table at [mem 0x0009fff0-0x0009ffff]
Oct 25 09:11:10 kali kernel: [    0.097819] RAMDISK: [mem 0x30ff7000-0x347f2fff]
Oct 25 09:11:10 kali kernel: [    0.097831] ACPI: Early table checksum verification disabled
Oct 25 09:11:10 kali kernel: [    0.097835] ACPI: RSDP 0x00000000000E0000 000024 (v02 VBOX  )
Oct 25 09:11:10 kali kernel: [    0.097838] ACPI: XSDT 0x000000007FFF0030 00003C (v01 VBOX   VBOXXSDT 00000001 ASL  00000061)
Oct 25 09:11:10 kali kernel: [    0.097844] ACPI: FACP 0x000000007FFF00F0 0000F4 (v04 VBOX   VBOXFACP 00000001 ASL  00000061)
Oct 25 09:11:10 kali kernel: [    0.097849] ACPI: DSDT 0x000000007FFF0470 002325 (v02 VBOX   VBOXBIOS 00000002 INTL 20100528)
Oct 25 09:11:10 kali kernel: [    0.097853] ACPI: FACS 0x000000007FFF0200 000040
Oct 25 09:11:10 kali kernel: [    0.097855] ACPI: FACS 0x000000007FFF0200 000040
Oct 25 09:11:10 kali kernel: [    0.097858] ACPI: APIC 0x000000007FFF0240 00005C (v02 VBOX   VBOXAPIC 00000001 ASL  00000061)
Oct 25 09:11:10 kali kernel: [    0.097862] ACPI: SSDT 0x000000007FFF02A0 0001CC (v01 VBOX   VBOXCPUT 00000002 INTL 20100528)
Oct 25 09:11:10 kali kernel: [    0.097870] ACPI: Local APIC address 0xfee00000
Oct 25 09:11:10 kali kernel: [    0.098097] No NUMA configuration found
Oct 25 09:11:10 kali kernel: [    0.098098] Faking a node at [mem 0x0000000000000000-0x000000007ffeffff]
Oct 25 09:11:10 kali kernel: [    0.098101] NODE_DATA(0) allocated [mem 0x7ffeb000-0x7ffeffff]
Oct 25 09:11:10 kali kernel: [    0.098122] Zone ranges:
Oct 25 09:11:10 kali kernel: [    0.098123]   DMA      [mem 0x0000000000001000-0x0000000000ffffff]
Oct 25 09:11:10 kali kernel: [    0.098124]   DMA32    [mem 0x0000000001000000-0x000000007ffeffff]
Oct 25 09:11:10 kali kernel: [    0.098125]   Normal   empty
Oct 25 09:11:10 kali kernel: [    0.098126]   Device   empty
Oct 25 09:11:10 kali kernel: [    0.098127] Movable zone start for each node
Oct 25 09:11:10 kali kernel: [    0.098128] Early memory node ranges
Oct 25 09:11:10 kali kernel: [    0.098129]   node   0: [mem 0x0000000000001000-0x000000000009efff]
Oct 25 09:11:10 kali kernel: [    0.098130]   node   0: [mem 0x0000000000100000-0x000000007ffeffff]
Oct 25 09:11:10 kali kernel: [    0.098133] Zeroed struct page in unavailable ranges: 114 pages
Oct 25 09:11:10 kali kernel: [    0.098134] Initmem setup node 0 [mem 0x0000000000001000-0x000000007ffeffff]
Oct 25 09:11:10 kali kernel: [    0.098135] On node 0 totalpages: 524174
Oct 25 09:11:10 kali kernel: [    0.098136]   DMA zone: 64 pages used for memmap
Oct 25 09:11:10 kali kernel: [    0.098137]   DMA zone: 21 pages reserved
Oct 25 09:11:10 kali kernel: [    0.098138]   DMA zone: 3998 pages, LIFO batch:0
Oct 25 09:11:10 kali kernel: [    0.098214]   DMA32 zone: 8128 pages used for memmap
Oct 25 09:11:10 kali kernel: [    0.098215]   DMA32 zone: 520176 pages, LIFO batch:63
Oct 25 09:11:10 kali kernel: [    0.099855] ACPI: PM-Timer IO Port: 0x4008
Oct 25 09:11:10 kali kernel: [    0.099857] ACPI: Local APIC address 0xfee00000
Oct 25 09:11:10 kali kernel: [    0.099918] IOAPIC[0]: apic_id 2, version 32, address 0xfec00000, GSI 0-23
Oct 25 09:11:10 kali kernel: [    0.099920] ACPI: INT_SRC_OVR (bus 0 bus_irq 0 global_irq 2 dfl dfl)
Oct 25 09:11:10 kali kernel: [    0.099922] ACPI: INT_SRC_OVR (bus 0 bus_irq 9 global_irq 9 low level)
Oct 25 09:11:10 kali kernel: [    0.099924] ACPI: IRQ0 used by override.
Oct 25 09:11:10 kali kernel: [    0.099925] ACPI: IRQ9 used by override.
Oct 25 09:11:10 kali kernel: [    0.099927] Using ACPI (MADT) for SMP configuration information
Oct 25 09:11:10 kali kernel: [    0.099933] smpboot: Allowing 2 CPUs, 0 hotplug CPUs
Oct 25 09:11:10 kali kernel: [    0.099952] PM: hibernation: Registered nosave memory: [mem 0x00000000-0x00000fff]
Oct 25 09:11:10 kali kernel: [    0.099953] PM: hibernation: Registered nosave memory: [mem 0x0009f000-0x0009ffff]
Oct 25 09:11:10 kali kernel: [    0.099954] PM: hibernation: Registered nosave memory: [mem 0x000a0000-0x000effff]
Oct 25 09:11:10 kali kernel: [    0.099954] PM: hibernation: Registered nosave memory: [mem 0x000f0000-0x000fffff]
Oct 25 09:11:10 kali kernel: [    0.099956] [mem 0x80000000-0xfebfffff] available for PCI devices
Oct 25 09:11:10 kali kernel: [    0.099957] Booting paravirtualized kernel on KVM
Oct 25 09:11:10 kali kernel: [    0.099959] clocksource: refined-jiffies: mask: 0xffffffff max_cycles: 0xffffffff, max_idle_ns: 7645519600211568 ns
Oct 25 09:11:10 kali kernel: [    0.102712] setup_percpu: NR_CPUS:512 nr_cpumask_bits:512 nr_cpu_ids:2 nr_node_ids:1
Oct 25 09:11:10 kali kernel: [    0.102819] percpu: Embedded 55 pages/cpu s188056 r8192 d29032 u1048576
Oct 25 09:11:10 kali kernel: [    0.102823] pcpu-alloc: s188056 r8192 d29032 u1048576 alloc=1*2097152
Oct 25 09:11:10 kali kernel: [    0.102824] pcpu-alloc: [0] 0 1 
Oct 25 09:11:10 kali kernel: [    0.102845] PV qspinlock hash table entries: 256 (order: 0, 4096 bytes, linear)
Oct 25 09:11:10 kali kernel: [    0.102850] Built 1 zonelists, mobility grouping on.  Total pages: 515961
Oct 25 09:11:10 kali kernel: [    0.102851] Policy zone: DMA32
Oct 25 09:11:10 kali kernel: [    0.102852] Kernel command line: BOOT_IMAGE=/boot/vmlinuz-5.7.0-kali1-amd64 root=UUID=b1ce2f1a-ef90-47cd-ac50-0556d1ef12e1 ro quiet splash
Oct 25 09:11:10 kali kernel: [    0.102990] Dentry cache hash table entries: 262144 (order: 9, 2097152 bytes, linear)
Oct 25 09:11:10 kali kernel: [    0.103035] Inode-cache hash table entries: 131072 (order: 8, 1048576 bytes, linear)
Oct 25 09:11:10 kali kernel: [    0.103088] mem auto-init: stack:off, heap alloc:off, heap free:off
Oct 25 09:11:10 kali kernel: [    0.105861] Memory: 237040K/2096696K available (10243K kernel code, 1283K rwdata, 4004K rodata, 1628K init, 1936K bss, 118408K reserved, 0K cma-reserved)
Oct 25 09:11:10 kali kernel: [    0.105868] random: get_random_u64 called from __kmem_cache_create+0x3e/0x530 with crng_init=0
Oct 25 09:11:10 kali kernel: [    0.108573] SLUB: HWalign=64, Order=0-3, MinObjects=0, CPUs=2, Nodes=1
Oct 25 09:11:10 kali kernel: [    0.108586] Kernel/User page tables isolation: enabled
Oct 25 09:11:10 kali kernel: [    0.108600] ftrace: allocating 34972 entries in 137 pages
Oct 25 09:11:10 kali kernel: [    0.124099] ftrace: allocated 137 pages with 3 groups
Oct 25 09:11:10 kali kernel: [    0.126582] rcu: Hierarchical RCU implementation.
Oct 25 09:11:10 kali kernel: [    0.126584] rcu: 	RCU restricting CPUs from NR_CPUS=512 to nr_cpu_ids=2.
Oct 25 09:11:10 kali kernel: [    0.126584] rcu: RCU calculated value of scheduler-enlistment delay is 25 jiffies.
Oct 25 09:11:10 kali kernel: [    0.126585] rcu: Adjusting geometry for rcu_fanout_leaf=16, nr_cpu_ids=2
Oct 25 09:11:10 kali kernel: [    0.130092] NR_IRQS: 33024, nr_irqs: 440, preallocated irqs: 16
Oct 25 09:11:10 kali kernel: [    0.130385] random: crng done (trusting CPU's manufacturer)
Oct 25 09:11:10 kali kernel: [    0.141320] Console: colour VGA+ 80x25
Oct 25 09:11:10 kali kernel: [    0.141323] printk: console [tty0] enabled
Oct 25 09:11:10 kali kernel: [    0.141337] ACPI: Core revision 20200326
Oct 25 09:11:10 kali kernel: [    0.141411] APIC: Switch to symmetric I/O mode setup
Oct 25 09:11:10 kali kernel: [    0.141683] x2apic enabled
Oct 25 09:11:10 kali kernel: [    0.141947] Switched APIC routing to physical x2apic.
Oct 25 09:11:10 kali kernel: [    0.143183] ..TIMER: vector=0x30 apic1=0 pin1=2 apic2=-1 pin2=-1
Oct 25 09:11:10 kali kernel: [    0.143208] clocksource: tsc-early: mask: 0xffffffffffffffff max_cycles: 0x396d4ffc055, max_idle_ns: 881590662783 ns
Oct 25 09:11:10 kali kernel: [    0.143212] Calibrating delay loop (skipped) preset value.. 3983.99 BogoMIPS (lpj=7967996)
Oct 25 09:11:10 kali kernel: [    0.143213] pid_max: default: 32768 minimum: 301
Oct 25 09:11:10 kali kernel: [    0.143264] LSM: Security Framework initializing
Oct 25 09:11:10 kali kernel: [    0.143269] Yama: disabled by default; enable with sysctl kernel.yama.*
Oct 25 09:11:10 kali kernel: [    0.143299] AppArmor: AppArmor initialized
Oct 25 09:11:10 kali kernel: [    0.143301] TOMOYO Linux initialized
Oct 25 09:11:10 kali kernel: [    0.143332] Mount-cache hash table entries: 4096 (order: 3, 32768 bytes, linear)
Oct 25 09:11:10 kali kernel: [    0.143336] Mountpoint-cache hash table entries: 4096 (order: 3, 32768 bytes, linear)
Oct 25 09:11:10 kali kernel: [    0.143587] unchecked MSR access error: WRMSR to 0x3a (tried to write 0x0000000000000001) at rIP: 0xffffffff8ce657d4 (native_write_msr+0x4/0x20)
Oct 25 09:11:10 kali kernel: [    0.143588] Call Trace:
Oct 25 09:11:10 kali kernel: [    0.143591]  init_ia32_feat_ctl+0x72/0x22b
Oct 25 09:11:10 kali kernel: [    0.143594]  init_intel+0xda/0x3f0
Oct 25 09:11:10 kali kernel: [    0.143595]  identify_cpu+0x2c0/0x5b0
Oct 25 09:11:10 kali kernel: [    0.143598]  identify_boot_cpu+0xc/0x94
Oct 25 09:11:10 kali kernel: [    0.143600]  check_bugs+0x26/0x9b7
Oct 25 09:11:10 kali kernel: [    0.143601]  ? __get_locked_pte+0xad/0xf0
Oct 25 09:11:10 kali kernel: [    0.143603]  start_kernel+0x66c/0x6a5
Oct 25 09:11:10 kali kernel: [    0.143604]  secondary_startup_64+0xa4/0xb0
Oct 25 09:11:10 kali kernel: [    0.143633] Last level iTLB entries: 4KB 64, 2MB 8, 4MB 8
Oct 25 09:11:10 kali kernel: [    0.143634] Last level dTLB entries: 4KB 64, 2MB 0, 4MB 0, 1GB 4
Oct 25 09:11:10 kali kernel: [    0.143636] Spectre V1 : Mitigation: usercopy/swapgs barriers and __user pointer sanitization
Oct 25 09:11:10 kali kernel: [    0.143637] Spectre V2 : Mitigation: Full generic retpoline
Oct 25 09:11:10 kali kernel: [    0.143638] Spectre V2 : Spectre v2 / SpectreRSB mitigation: Filling RSB on context switch
Oct 25 09:11:10 kali kernel: [    0.143639] Speculative Store Bypass: Vulnerable
Oct 25 09:11:10 kali kernel: [    0.143642] SRBDS: Unknown: Dependent on hypervisor status
Oct 25 09:11:10 kali kernel: [    0.143642] MDS: Mitigation: Clear CPU buffers
Oct 25 09:11:10 kali kernel: [    0.143783] Freeing SMP alternatives memory: 32K
Oct 25 09:11:10 kali kernel: [    0.254724] smpboot: CPU0: Intel(R) Core(TM) i7-8550U CPU @ 1.80GHz (family: 0x6, model: 0x8e, stepping: 0xa)
Oct 25 09:11:10 kali kernel: [    0.254839] Performance Events: unsupported p6 CPU model 142 no PMU driver, software events only.
Oct 25 09:11:10 kali kernel: [    0.254864] rcu: Hierarchical SRCU implementation.
Oct 25 09:11:10 kali kernel: [    0.255142] NMI watchdog: Perf NMI watchdog permanently disabled
Oct 25 09:11:10 kali kernel: [    0.255167] smp: Bringing up secondary CPUs ...
Oct 25 09:11:10 kali kernel: [    0.255209] x86: Booting SMP configuration:
Oct 25 09:11:10 kali kernel: [    0.255209] .... node  #0, CPUs:      #1
Oct 25 09:11:10 kali kernel: [    0.016856] kvm-clock: cpu 1, msr 483e041, secondary cpu clock
Oct 25 09:11:10 kali kernel: [    0.255288] smp: Brought up 1 node, 2 CPUs
Oct 25 09:11:10 kali kernel: [    0.255289] smpboot: Max logical packages: 1
Oct 25 09:11:10 kali kernel: [    0.255290] smpboot: Total of 2 processors activated (7967.99 BogoMIPS)
Oct 25 09:11:10 kali kernel: [    0.260536] node 0 initialised, 435312 pages in 4ms
Oct 25 09:11:10 kali kernel: [    0.263216] devtmpfs: initialized
Oct 25 09:11:10 kali kernel: [    0.263252] x86/mm: Memory block size: 128MB
Oct 25 09:11:10 kali kernel: [    0.263465] clocksource: jiffies: mask: 0xffffffff max_cycles: 0xffffffff, max_idle_ns: 7645041785100000 ns
Oct 25 09:11:10 kali kernel: [    0.263465] futex hash table entries: 512 (order: 3, 32768 bytes, linear)
Oct 25 09:11:10 kali kernel: [    0.263465] pinctrl core: initialized pinctrl subsystem
Oct 25 09:11:10 kali kernel: [    0.263465] thermal_sys: Registered thermal governor 'fair_share'
Oct 25 09:11:10 kali kernel: [    0.263465] thermal_sys: Registered thermal governor 'bang_bang'
Oct 25 09:11:10 kali kernel: [    0.263465] thermal_sys: Registered thermal governor 'step_wise'
Oct 25 09:11:10 kali kernel: [    0.263465] thermal_sys: Registered thermal governor 'user_space'
Oct 25 09:11:10 kali kernel: [    0.263538] NET: Registered protocol family 16
Oct 25 09:11:10 kali kernel: [    0.263597] audit: initializing netlink subsys (disabled)
Oct 25 09:11:10 kali kernel: [    0.263616] audit: type=2000 audit(1666703459.010:1): state=initialized audit_enabled=0 res=1
Oct 25 09:11:10 kali kernel: [    0.263616] cpuidle: using governor ladder
Oct 25 09:11:10 kali kernel: [    0.263616] cpuidle: using governor menu
Oct 25 09:11:10 kali kernel: [    0.263616] ACPI: bus type PCI registered
Oct 25 09:11:10 kali kernel: [    0.263616] acpiphp: ACPI Hot Plug PCI Controller Driver version: 0.5
Oct 25 09:11:10 kali kernel: [    0.263616] PCI: Using configuration type 1 for base access
Oct 25 09:11:10 kali kernel: [    0.264247] HugeTLB registered 2.00 MiB page size, pre-allocated 0 pages
Oct 25 09:11:10 kali kernel: [    0.355344] ACPI: Added _OSI(Module Device)
Oct 25 09:11:10 kali kernel: [    0.355344] ACPI: Added _OSI(Processor Device)
Oct 25 09:11:10 kali kernel: [    0.355344] ACPI: Added _OSI(3.0 _SCP Extensions)
Oct 25 09:11:10 kali kernel: [    0.355344] ACPI: Added _OSI(Processor Aggregator Device)
Oct 25 09:11:10 kali kernel: [    0.355344] ACPI: Added _OSI(Linux-Dell-Video)
Oct 25 09:11:10 kali kernel: [    0.355344] ACPI: Added _OSI(Linux-Lenovo-NV-HDMI-Audio)
Oct 25 09:11:10 kali kernel: [    0.355344] ACPI: Added _OSI(Linux-HPI-Hybrid-Graphics)
Oct 25 09:11:10 kali kernel: [    0.356577] ACPI: 2 ACPI AML tables successfully acquired and loaded
Oct 25 09:11:10 kali kernel: [    0.359434] ACPI: Interpreter enabled
Oct 25 09:11:10 kali kernel: [    0.359442] ACPI: (supports S0 S5)
Oct 25 09:11:10 kali kernel: [    0.359443] ACPI: Using IOAPIC for interrupt routing
Oct 25 09:11:10 kali kernel: [    0.359575] PCI: Using host bridge windows from ACPI; if necessary, use "pci=nocrs" and report a bug
Oct 25 09:11:10 kali kernel: [    0.359665] ACPI: Enabled 2 GPEs in block 00 to 07
Oct 25 09:11:10 kali kernel: [    0.363196] ACPI: PCI Root Bridge [PCI0] (domain 0000 [bus 00-ff])
Oct 25 09:11:10 kali kernel: [    0.363199] acpi PNP0A03:00: _OSC: OS supports [ASPM ClockPM Segments MSI HPX-Type3]
Oct 25 09:11:10 kali kernel: [    0.363209] acpi PNP0A03:00: _OSC: not requesting OS control; OS requires [ExtendedConfig ASPM ClockPM MSI]
Oct 25 09:11:10 kali kernel: [    0.363209] acpi PNP0A03:00: fail to add MMCONFIG information, can't access extended PCI configuration space under this bridge.
Oct 25 09:11:10 kali kernel: [    0.363500] PCI host bridge to bus 0000:00
Oct 25 09:11:10 kali kernel: [    0.363501] pci_bus 0000:00: root bus resource [io  0x0000-0x0cf7 window]
Oct 25 09:11:10 kali kernel: [    0.363502] pci_bus 0000:00: root bus resource [io  0x0d00-0xffff window]
Oct 25 09:11:10 kali kernel: [    0.363503] pci_bus 0000:00: root bus resource [mem 0x000a0000-0x000bffff window]
Oct 25 09:11:10 kali kernel: [    0.363504] pci_bus 0000:00: root bus resource [mem 0x80000000-0xfdffffff window]
Oct 25 09:11:10 kali kernel: [    0.363505] pci_bus 0000:00: root bus resource [bus 00-ff]
Oct 25 09:11:10 kali kernel: [    0.363544] pci 0000:00:00.0: [8086:1237] type 00 class 0x060000
Oct 25 09:11:10 kali kernel: [    0.364124] pci 0000:00:01.0: [8086:7000] type 00 class 0x060100
Oct 25 09:11:10 kali kernel: [    0.364835] pci 0000:00:01.1: [8086:7111] type 00 class 0x01018a
Oct 25 09:11:10 kali kernel: [    0.365182] pci 0000:00:01.1: reg 0x20: [io  0xd000-0xd00f]
Oct 25 09:11:10 kali kernel: [    0.365375] pci 0000:00:01.1: legacy IDE quirk: reg 0x10: [io  0x01f0-0x01f7]
Oct 25 09:11:10 kali kernel: [    0.365376] pci 0000:00:01.1: legacy IDE quirk: reg 0x14: [io  0x03f6]
Oct 25 09:11:10 kali kernel: [    0.365377] pci 0000:00:01.1: legacy IDE quirk: reg 0x18: [io  0x0170-0x0177]
Oct 25 09:11:10 kali kernel: [    0.365377] pci 0000:00:01.1: legacy IDE quirk: reg 0x1c: [io  0x0376]
Oct 25 09:11:10 kali kernel: [    0.365600] pci 0000:00:02.0: [15ad:0405] type 00 class 0x030000
Oct 25 09:11:10 kali kernel: [    0.367244] pci 0000:00:02.0: reg 0x10: [io  0xd010-0xd01f]
Oct 25 09:11:10 kali kernel: [    0.369581] pci 0000:00:02.0: reg 0x14: [mem 0xe0000000-0xe7ffffff pref]
Oct 25 09:11:10 kali kernel: [    0.373245] pci 0000:00:02.0: reg 0x18: [mem 0xf0000000-0xf01fffff]
Oct 25 09:11:10 kali kernel: [    0.381463] pci 0000:00:03.0: [8086:100e] type 00 class 0x020000
Oct 25 09:11:10 kali kernel: [    0.382354] pci 0000:00:03.0: reg 0x10: [mem 0xf0200000-0xf021ffff]
Oct 25 09:11:10 kali kernel: [    0.384075] pci 0000:00:03.0: reg 0x18: [io  0xd020-0xd027]
Oct 25 09:11:10 kali kernel: [    0.387345] pci 0000:00:04.0: [80ee:cafe] type 00 class 0x088000
Oct 25 09:11:10 kali kernel: [    0.388155] pci 0000:00:04.0: reg 0x10: [io  0xd040-0xd05f]
Oct 25 09:11:10 kali kernel: [    0.388938] pci 0000:00:04.0: reg 0x14: [mem 0xf0400000-0xf07fffff]
Oct 25 09:11:10 kali kernel: [    0.389681] pci 0000:00:04.0: reg 0x18: [mem 0xf0800000-0xf0803fff pref]
Oct 25 09:11:10 kali kernel: [    0.392317] pci 0000:00:05.0: [8086:2415] type 00 class 0x040100
Oct 25 09:11:10 kali kernel: [    0.392438] pci 0000:00:05.0: reg 0x10: [io  0xd100-0xd1ff]
Oct 25 09:11:10 kali kernel: [    0.392499] pci 0000:00:05.0: reg 0x14: [io  0xd200-0xd23f]
Oct 25 09:11:10 kali kernel: [    0.393024] pci 0000:00:06.0: [106b:003f] type 00 class 0x0c0310
Oct 25 09:11:10 kali kernel: [    0.393837] pci 0000:00:06.0: reg 0x10: [mem 0xf0804000-0xf0804fff]
Oct 25 09:11:10 kali kernel: [    0.399794] pci 0000:00:07.0: [8086:7113] type 00 class 0x068000
Oct 25 09:11:10 kali kernel: [    0.400296] pci 0000:00:07.0: quirk: [io  0x4000-0x403f] claimed by PIIX4 ACPI
Oct 25 09:11:10 kali kernel: [    0.400306] pci 0000:00:07.0: quirk: [io  0x4100-0x410f] claimed by PIIX4 SMB
Oct 25 09:11:10 kali kernel: [    0.400593] pci 0000:00:0b.0: [8086:265c] type 00 class 0x0c0320
Oct 25 09:11:10 kali kernel: [    0.401876] pci 0000:00:0b.0: reg 0x10: [mem 0xf0805000-0xf0805fff]
Oct 25 09:11:10 kali kernel: [    0.410335] pci 0000:00:0d.0: [8086:2829] type 00 class 0x010601
Oct 25 09:11:10 kali kernel: [    0.411305] pci 0000:00:0d.0: reg 0x10: [io  0xd240-0xd247]
Oct 25 09:11:10 kali kernel: [    0.412515] pci 0000:00:0d.0: reg 0x14: [io  0xd248-0xd24b]
